ESP-ROM:esp32s3-20210327
ESP-ROM:esp32s3-20210327
Build:Mar 27 2021
rst:0x1 (POWERON),boot:0x8 (SPI_FAST_FLASH_BOOT)
SPIWP:0xee
mode:DIO, clock div:1
load:0x3fce2810,len:0x1870
load:0x403c8700,len:0x4
load:0x403c8704,len:0xce8
load:0x403cb700,len:0x2ed8
entry 0x403c8918
[0;32mI (27) boot: ESP-IDF v5.3.2 2nd stage bootloader[0m
[0;32mI (27) boot: compile time Apr 23 2025 13:19:05[0m
[0;32mI (27) boot: Multicore bootloader[0m
[0;32mI (30) boot: chip revision: v0.1[0m
[0;32mI (34) boot: efuse block revision: v1.2[0m
[0;32mI (38) boot.esp32s3: Boot SPI Speed : 80MHz[0m
[0;32mI (43) boot.esp32s3: SPI Mode       : DIO[0m
[0;32mI (48) boot.esp32s3: SPI Flash Size : 2MB[0m
[0;32mI (52) boot: Enabling RNG early entropy source...[0m
[0;32mI (58) boot: Partition Table:[0m
[0;32mI (61) boot: ## Label            Usage          Type ST Offset   Length[0m
[0;32mI (69) boot:  0 nvs              WiFi data        01 02 00009000 00006000[0m
[0;32mI (76) boot:  1 phy_init         RF data          01 01 0000f000 00001000[0m
[0;32mI (84) boot:  2 factory          factory app      00 00 00010000 00100000[0m
[0;32mI (91) boot: End of partition table[0m
[0;32mI (95) esp_image: segment 0: paddr=00010020 vaddr=3c020020 size=0bb90h ( 48016) map[0m
[0;32mI (112) esp_image: segment 1: paddr=0001bbb8 vaddr=3fc93800 size=02d68h ( 11624) load[0m
[0;32mI (115) esp_image: segment 2: paddr=0001e928 vaddr=40374000 size=016f0h (  5872) load[0m
[0;32mI (122) esp_image: segment 3: paddr=00020020 vaddr=42000020 size=1b408h (111624) map[0m
[0;32mI (149) esp_image: segment 4: paddr=0003b430 vaddr=403756f0 size=0e0e8h ( 57576) load[0m
[0;32mI (168) boot: Loaded app from partition at offset 0x10000[0m
[0;32mI (168) boot: Disabling RNG early entropy source...[0m
[0;32mI (180) cpu_start: Multicore app[0m
[0;32mI (189) cpu_start: Pro cpu start user code[0m
[0;32mI (189) cpu_start: cpu freq: 160000000 Hz[0m
[0;32mI (189) app_init: Application information:[0m
[0;32mI (192) app_init: Project name:     custom_pulse[0m
[0;32mI (197) app_init: App version:      1[0m
[0;32mI (202) app_init: Compile time:     Apr 23 2025 13:18:58[0m
[0;32mI (208) app_init: ELF file SHA256:  2e933575e...[0m
[0;32mI (213) app_init: ESP-IDF:          v5.3.2[0m
[0;32mI (218) efuse_init: Min chip rev:     v0.0[0m
[0;32mI (222) efuse_init: Max chip rev:     v0.99 [0m
[0;32mI (227) efuse_init: Chip rev:         v0.1[0m
[0;32mI (232) heap_init: Initializing. RAM available for dynamic allocation:[0m
[0;32mI (240) heap_init: At 3FC96E30 len 000528E0 (330 KiB): RAM[0m
[0;32mI (246) heap_init: At 3FCE9710 len 00005724 (21 KiB): RAM[0m
[0;32mI (252) heap_init: At 3FCF0000 len 00008000 (32 KiB): DRAM[0m
[0;32mI (258) heap_init: At 600FE100 len 00001EE8 (7 KiB): RTCRAM[0m
[0;32mI (265) spi_flash: detected chip: generic[0m
[0;32mI (269) spi_flash: flash io: dio[0m
[0;33mW (273) spi_flash: Detected size(8192k) larger than the size in the binary image header(2048k). Using the size in the binary image header.[0m
[0;32mI (286) sleep: Configure to isolate all GPIO pins in sleep state[0m
[0;32mI (293) sleep: Enable automatic switching of GPIO sleep configuration[0m
[0;32mI (300) main_task: Started on CPU0[0m
[0;32mI (320) main_task: Calling app_main()[0m
Setting up RMT TX channel...
[0;32mI (320) gpio: GPIO[19]| InputEn: 0| OutputEn: 1| OpenDrain: 0| Pullup: 1| Pulldown: 0| Intr:0 [0m
Starting RMT transmission...
[0;31mE (330) rmt: rmt_transmit(530): invalid argument[0m
ESP_ERROR_CHECK failed: esp_err_t 0x102 (ESP_ERR_INVALID_ARG) at 0x42008ff5
file: "./main/custom_pulse.c" line 49
func: app_main
expression: rmt_transmit(tx_channel, NULL, &pulse_pattern, sizeof(pulse_pattern), &transmit_config)

abort() was called at PC 0x4037aab7 on core 0


Backtrace: 0x40375a8e:0x3fc997f0 0x4037aac1:0x3fc99810 0x4038163d:0x3fc99830 0x4037aab7:0x3fc998a0 0x42008ff5:0x3fc998d0 0x4201a5e3:0x3fc99920 0x4037b569:0x3fc99950




ELF file SHA256: 2e933575e

Rebooting...
ï¿½ï¿½ï¿½ESP-ROM:esp32s3-20210327
Build:Mar 27 2021
rst:0xc (RTC_SW_CPU_RST),boot:0x8 (SPI_FAST_FLASH_BOOT)
Saved PC:0x403759c8
SPIWP:0xee
mode:DIO, clock div:1
load:0x3fce2810,len:0x1870
load:0x403c8700,len:0x4
load:0x403c8704,len:0xce8
load:0x403cb700,len:0x2ed8
entry 0x403c8918
[0;32mI (31) boot: ESP-IDF v5.3.2 2nd stage bootloader[0m
[0;32mI (31) boot: compile time Apr 23 2025 13:19:05[0m
[0;32mI (31) boot: Multicore bootloader[0m
[0;32mI (34) boot: chip revision: v0.1[0m
[0;32mI (38) boot: efuse block revision: v1.2[0m
[0;32mI (43) boot.esp32s3: Boot SPI Speed : 80MHz[0m
[0;32mI (47) boot.esp32s3: SPI Mode       : DIO[0m
[0;32mI (52) boot.esp32s3: SPI Flash Size : 2MB[0m
[0;32mI (57) boot: Enabling RNG early entropy source...[0m
[0;32mI (62) boot: Partition Table:[0m
[0;32mI (66) boot: ## Label            Usage          Type ST Offset   Length[0m
[0;32mI (73) boot:  0 nvs              WiFi data        01 02 00009000 00006000[0m
[0;32mI (81) boot:  1 phy_init         RF data          01 01 0000f000 00001000[0m
[0;32mI (88) boot:  2 factory          factory app      00 00 00010000 00100000[0m
[0;32mI (96) boot: End of partition table[0m
[0;32mI (100) esp_image: segment 0: paddr=00010020 vaddr=3c020020 size=0bb90h ( 48016) map[0m
[0;32mI (117) esp_image: segment 1: paddr=0001bbb8 vaddr=3fc93800 size=02d68h ( 11624) load[0m
[0;32mI (119) esp_image: segment 2: paddr=0001e928 vaddr=40374000 size=016f0h (  5872) load[0m
[0;32mI (126) esp_image: segment 3: paddr=00020020 vaddr=42000020 size=1b408h (111624) map[0m
[0;32mI (153) esp_image: segment 4: paddr=0003b430 vaddr=403756f0 size=0e0e8h ( 57576) load[0m
[0;32mI (172) boot: Loaded app from partition at offset 0x10000[0m
[0;32mI (173) boot: Disabling RNG early entropy source...[0m
[0;32mI (184) cpu_start: Multicore app[0m
[0;32mI (194) cpu_start: Pro cpu start user code[0m
[0;32mI (194) cpu_start: cpu freq: 160000000 Hz[0m
[0;32mI (194) app_init: Application information:[0m
[0;32mI (197) app_init: Project name:     custom_pulse[0m
[0;32mI (202) app_init: App version:      1[0m
[0;32mI (206) app_init: Compile time:     Apr 23 2025 13:18:58[0m
[0;32mI (212) app_init: ELF file SHA256:  2e933575e...[0m
[0;32mI (217) app_init: ESP-IDF:          v5.3.2[0m
[0;32mI (222) efuse_init: Min chip rev:     v0.0[0m
[0;32mI (227) efuse_init: Max chip rev:     v0.99 [0m
[0;32mI (232) efuse_init: Chip rev:         v0.1[0m
[0;32mI (237) heap_init: Initializing. RAM available for dynamic allocation:[0m
[0;32mI (244) heap_init: At 3FC96E30 len 000528E0 (330 KiB): RAM[0m
[0;32mI (250) heap_init: At 3FCE9710 len 00005724 (21 KiB): RAM[0m
[0;32mI (256) heap_init: At 3FCF0000 len 00008000 (32 KiB): DRAM[0m
[0;32mI (262) heap_init: At 600FE100 len 00001EE8 (7 KiB): RTCRAM[0m
[0;32mI (270) spi_flash: detected chip: generic[0m
[0;32mI (273) spi_flash: flash io: dio[0m
[0;33mW (277) spi_flash: Detected size(8192k) larger than the size in the binary image header(2048k). Using the size in the binary image header.[0m
[0;32mI (290) sleep: Configure to isolate all GPIO pins in sleep state[0m
[0;32mI (297) sleep: Enable automatic switching of GPIO sleep configuration[0m
[0;32mI (305) main_task: Started on CPU0[0m
[0;32mI (325) main_task: Calling app_main()[0m
Setting up RMT TX channel...
[0;32mI (325) gpio: GPIO[19]| InputEn: 0| OutputEn: 1| OpenDrain: 0| Pullup: 1| Pulldown: 0| Intr:0 [0m
Starting RMT transmission...
[0;31mE (335) rmt: rmt_transmit(530): invalid argument[0m
ESP_ERROR_CHECK failed: esp_err_t 0x102 (ESP_ERR_INVALID_ARG) at 0x42008ff5
file: "./main/custom_pulse.c" line 49
func: app_main
expression: rmt_transmit(tx_channel, NULL, &pulse_pattern, sizeof(pulse_pattern), &transmit_config)

abort() was called at PC 0x4037aab7 on core 0


Backtrace: 0x40375a8e:0x3fc997f0 0x4037aac1:0x3fc99810 0x4038163d:0x3fc99830 0x4037aab7:0x3fc998a0 0x42008ff5:0x3fc998d0 0x4201a5e3:0x3fc99920 0x4037b569:0x3fc99950




ELF file SHA256: 2e933575e

Rebooting...
ESP-ROM:esp32s3-20210327
Build:Mar 27 2021
rst:0xc (RTC_SW_CPU_RST),boot:0x8 (SPI_FAST_FLASH_BOOT)
Saved PC:0x403759c8
SPIWP:0xee
mode:DIO, clock div:1
load:0x3fce2810,len:0x1870
load:0x403c8700,len:0x4
load:0x403c8704,len:0xce8
load:0x403cb700,len:0x2ed8
entry 0x403c8918
[0;32mI (31) boot: ESP-IDF v5.3.2 2nd stage bootloader[0m
[0;32mI (31) boot: compile time Apr 23 2025 13:19:05[0m
[0;32mI (31) boot: Multicore bootloader[0m
[0;32mI (34) boot: chip revision: v0.1[0m
[0;32mI (38) boot: efuse block revision: v1.2[0m
[0;32mI (43) boot.esp32s3: Boot SPI Speed : 80MHz[0m
[0;32mI (47) boot.esp32s3: SPI Mode       : DIO[0m
[0;32mI (52) boot.esp32s3: SPI Flash Size : 2MB[0m
[0;32mI (57) boot: Enabling RNG early entropy source...[0m
[0;32mI (62) boot: Partition Table:[0m
[0;32mI (66) boot: ## Label            Usage          Type ST Offset   Length[0m
[0;32mI (73) boot:  0 nvs              WiFi data        01 02 00009000 00006000[0m
[0;32mI (81) boot:  1 phy_init         RF data          01 01 0000f000 00001000[0m
[0;32mI (88) boot:  2 factory          factory app      00 00 00010000 00100000[0m
[0;32mI (96) boot: End of partition table[0m
[0;32mI (100) esp_image: segment 0: paddr=00010020 vaddr=3c020020 size=0bb90h ( 48016) map[0m
[0;32mI (117) esp_image: segment 1: paddr=0001bbb8 vaddr=3fc93800 size=02d68h ( 11624) load[0m
[0;32mI (119) esp_image: segment 2: paddr=0001e928 vaddr=40374000 size=016f0h (  5872) load[0m
[0;32mI (126) esp_image: segment 3: paddr=00020020 vaddr=42000020 size=1b408h (111624) map[0m
[0;32mI (153) esp_image: segment 4: paddr=0003b430 vaddr=403756f0 size=0e0e8h ( 57576) load[0m
[0;32mI (172) boot: Loaded app from partition at offset 0x10000[0m
[0;32mI (173) boot: Disabling RNG early entropy source...[0m
[0;32mI (184) cpu_start: Multicore app[0m
[0;32mI (194) cpu_start: Pro cpu start user code[0m
[0;32mI (194) cpu_start: cpu freq: 160000000 Hz[0m
[0;32mI (194) app_init: Application information:[0m
[0;32mI (197) app_init: Project name:     custom_pulse[0m
[0;32mI (202) app_init: App version:      1[0m
[0;32mI (206) app_init: Compile time:     Apr 23 2025 13:18:58[0m
[0;32mI (212) app_init: ELF file SHA256:  2e933575e...[0m
[0;32mI (217) app_init: ESP-IDF:          v5.3.2[0m
[0;32mI (222) efuse_init: Min chip rev:     v0.0[0m
[0;32mI (227) efuse_init: Max chip rev:     v0.99 [0m
[0;32mI (232) efuse_init: Chip rev:         v0.1[0m
[0;32mI (237) heap_init: Initializing. RAM available for dynamic allocation:[0m
[0;32mI (244) heap_init: At 3FC96E30 len 000528E0 (330 KiB): RAM[0m
[0;32mI (250) heap_init: At 3FCE9710 len 00005724 (21 KiB): RAM[0m
[0;32mI (256) heap_init: At 3FCF0000 len 00008000 (32 KiB): DRAM[0m
[0;32mI (262) heap_init: At 600FE100 len 00001EE8 (7 KiB): RTCRAM[0m
[0;32mI (270) spi_flash: detected chip: generic[0m
[0;32mI (273) spi_flash: flash io: dio[0m
[0;33mW (277) spi_flash: Detected size(8192k) larger than the size in the binary image header(2048k). Using the size in the binary image header.[0m
[0;32mI (290) sleep: Configure to isolate all GPIO pins in sleep state[0m
[0;32mI (297) sleep: Enable automatic switching of GPIO sleep configuration[0m
[0;32mI (305) main_task: Started on CPU0[0m
[0;32mI (325) main_task: Calling app_main()[0m
Setting up RMT TX channel...
[0;32mI (325) gpio: GPIO[19]| InputEn: 0| OutputEn: 1| OpenDrain: 0| Pullup: 1| Pulldown: 0| Intr:0 [0m
Starting RMT transmission...
[0;31mE (335) rmt: rmt_transmit(530): invalid argument[0m
ESP_ERROR_CHECK failed: esp_err_t 0x102 (ESP_ERR_INVALID_ARG) at 0x42008ff5
file: "./main/custom_pulse.c" line 49
func: app_main
expression: rmt_transmit(tx_channel, NULL, &pulse_pattern, sizeof(pulse_pattern), &transmit_config)

abort() was called at PC 0x4037aab7 on core 0


Backtrace: 0x40375a8e:0x3fc997f0 0x4037aac1:0x3fc99810 0x4038163d:0x3fc99830 0x4037aab7:0x3fc998a0 0x42008ff5:0x3fc998d0 0x4201a5e3:0x3fc99920 0x4037b569:0x3fc99950




ELF file SHA256: 2e933575e

Rebooting...
ESP-ROM:esp32s3-20210327
Build:Mar 27 2021
rst:0xc (RTC_SW_CPU_RST),boot:0x8 (SPI_FAST_FLASH_BOOT)
Saved PC:0x403759c8
SPIWP:0xee
mode:DIO, clock div:1
load:0x3fce2810,len:0x1870
load:0x403c8700,len:0x4
load:0x403c8704,len:0xce8
load:0x403cb700,len:0x2ed8
entry 0x403c8918
[0;32mI (31) boot: ESP-IDF v5.3.2 2nd stage bootloader[0m
[0;32mI (31) boot: compile time Apr 23 2025 13:19:05[0m
[0;32mI (31) boot: Multicore bootloader[0m
[0;32mI (34) boot: chip revision: v0.1[0m
[0;32mI (38) boot: efuse block revision: v1.2[0m
[0;32mI (43) boot.esp32s3: Boot SPI Speed : 80MHz[0m
[0;32mI (47) boot.esp32s3: SPI Mode       : DIO[0m
[0;32mI (52) boot.esp32s3: SPI Flash Size : 2MB[0m
[0;32mI (57) boot: Enabling RNG early entropy source...[0m
[0;32mI (62) boot: Partition Table:[0m
[0;32mI (66) boot: ## Label            Usage          Type ST Offset   Length[0m
[0;32mI (73) boot:  0 nvs              WiFi data        01 02 00009000 00006000[0m
[0;32mI (81) boot:  1 phy_init         RF data          01 01 0000f000 00001000[0m
[0;32mI (88) boot:  2 factory          factory app      00 00 00010000 00100000[0m
[0;32mI (96) boot: End of partition table[0m
[0;32mI (100) esp_image: segment 0: paddr=00010020 vaddr=3c020020 size=0bb90h ( 48016) map[0m
[0;32mI (117) esp_image: segment 1: paddr=0001bbb8 vaddr=3fc93800 size=02d68h ( 11624) load[0m
[0;32mI (119) esp_image: segment 2: paddr=0001e928 vaddr=40374000 size=016f0h (  5872) load[0m
[0;32mI (126) esp_image: segment 3: paddr=00020020 vaddr=42000020 size=1b408h (111624) map[0m
[0;32mI (153) esp_image: segment 4: paddr=0003b430 vaddr=403756f0 size=0e0e8h ( 57576) load[0m
[0;32mI (172) boot: Loaded app from partition at offset 0x10000[0m
[0;32mI (173) boot: Disabling RNG early entropy source...[0m
[0;32mI (184) cpu_start: Multicore app[0m
[0;32mI (194) cpu_start: Pro cpu start user code[0m
[0;32mI (194) cpu_start: cpu freq: 160000000 Hz[0m
[0;32mI (194) app_init: Application information:[0m
[0;32mI (197) app_init: Project name:     custom_pulse[0m
[0;32mI (202) app_init: App version:      1[0m
[0;32mI (206) app_init: Compile time:     Apr 23 2025 13:18:58[0m
[0;32mI (212) app_init: ELF file SHA256:  2e933575e...[0m
[0;32mI (217) app_init: ESP-IDF:          v5.3.2[0m
[0;32mI (222) efuse_init: Min chip rev:     v0.0[0m
[0;32mI (227) efuse_init: Max chip rev:     v0.99 [0m
[0;32mI (232) efuse_init: Chip rev:         v0.1[0m
[0;32mI (237) heap_init: Initializing. RAM available for dynamic allocation:[0m
[0;32mI (244) heap_init: At 3FC96E30 len 000528E0 (330 KiB): RAM[0m
[0;32mI (250) heap_init: At 3FCE9710 len 00005724 (21 KiB): RAM[0m
[0;32mI (256) heap_init: At 3FCF0000 len 00008000 (32 KiB): DRAM[0m
[0;32mI (262) heap_init: At 600FE100 len 00001EE8 (7 KiB): RTCRAM[0m
[0;32mI (270) spi_flash: detected chip: generic[0m
[0;32mI (273) spi_flash: flash io: dio[0m
[0;33mW (277) spi_flash: Detected size(8192k) larger than the size in the binary image header(2048k). Using the size in the binary image header.[0m
[0;32mI (290) sleep: Configure to isolate all GPIO pins in sleep state[0m
[0;32mI (297) sleep: Enable automatic switching of GPIO sleep configuration[0m
[0;32mI (305) main_task: Started on CPU0[0m
[0;32mI (325) main_task: Calling app_main()[0m
Setting up RMT TX channel...
[0;32mI (325) gpio: GPIO[19]| InputEn: 0| OutputEn: 1| OpenDrain: 0| Pullup: 1| Pulldown: 0| Intr:0 [0m
Starting RMT transmission...
[0;31mE (335) rmt: rmt_transmit(530): invalid argument[0m
ESP_ERROR_CHECK failed: esp_err_t 0x102 (ESP_ERR_INVALID_ARG) at 0x42008ff5
file: "./main/custom_pulse.c" line 49
func: app_main
expression: rmt_transmit(tx_channel, NULL, &pulse_pattern, sizeof(pulse_pattern), &transmit_config)

abort() was called at PC 0x4037aab7 on core 0


Backtrace: 0x40375a8e:0x3fc997f0 0x4037aac1:0x3fc99810 0x4038163d:0x3fc99830 0x4037aab7:0x3fc998a0 0x42008ff5:0x3fc998d0 0x4201a5e3:0x3fc99920 0x4037b569:0x3fc99950




ELF file SHA256: 2e933575e

Rebooting...
ESP-ROM:esp32s3-20210327
Build:Mar 27 2021
rst:0xc (RTC_SW_CPU_RST),boot:0x8 (SPI_FAST_FLASH_BOOT)
Saved PC:0x403759c8
SPIWP:0xee
mode:DIO, clock div:1
load:0x3fce2810,len:0x1870
load:0x403c8700,len:0x4
load:0x403c8704,len:0xce8
load:0x403cb700,len:0x2ed8
entry 0x403c8918
[0;32mI (31) boot: ESP-IDF v5.3.2 2nd stage bootloader[0m
[0;32mI (31) boot: compile time Apr 23 2025 13:19:05[0m
[0;32mI (31) boot: Multicore bootloader[0m
[0;32mI (34) boot: chip revision: v0.1[0m
[0;32mI (38) boot: efuse block revision: v1.2[0m
[0;32mI (43) boot.esp32s3: Boot SPI Speed : 80MHz[0m
[0;32mI (47) boot.esp32s3: SPI Mode       : DIO[0m
[0;32mI (52) boot.esp32s3: SPI Flash Size : 2MB[0m
[0;32mI (57) boot: Enabling RNG early entropy source...[0m
[0;32mI (62) boot: Partition Table:[0m
[0;32mI (66) boot: ## Label            Usage          Type ST Offset   Length[0m
[0;32mI (73) boot:  0 nvs              WiFi data        01 02 00009000 00006000[0m
[0;32mI (81) boot:  1 phy_init         RF data          01 01 0000f000 00001000[0m
[0;32mI (88) boot:  2 factory          factory app      00 00 00010000 00100000[0m
[0;32mI (96) boot: End of partition table[0m
[0;32mI (100) esp_image: segment 0: paddr=00010020 vaddr=3c020020 size=0bb90h ( 48016) map[0m
[0;32mI (117) esp_image: segment 1: paddr=0001bbb8 vaddr=3fc93800 size=02d68h ( 11624) load[0m
[0;32mI (119) esp_image: segment 2: paddr=0001e928 vaddr=40374000 size=016f0h (  5872) load[0m
[0;32mI (126) esp_image: segment 3: paddr=00020020 vaddr=42000020 size=1b408h (111624) map[0m
[0;32mI (153) esp_image: segment 4: paddr=0003b430 vaddr=403756f0 size=0e0e8h ( 57576) load[0m
[0;32mI (172) boot: Loaded app from partition at offset 0x10000[0m
[0;32mI (173) boot: Disabling RNG early entropy source...[0m
[0;32mI (184) cpu_start: Multicore app[0m
[0;32mI (194) cpu_start: Pro cpu start user code[0m
[0;32mI (194) cpu_start: cpu freq: 160000000 Hz[0m
[0;32mI (194) app_init: Application information:[0m
[0;32mI (197) app_init: Project name:     custom_pulse[0m
[0;32mI (202) app_init: App version:      1[0m
[0;32mI (206) app_init: Compile time:     Apr 23 2025 13:18:58[0m
[0;32mI (212) app_init: ELF file SHA256:  2e933575e...[0m
[0;32mI (217) app_init: ESP-IDF:          v5.3.2[0m
[0;32mI (222) efuse_init: Min chip rev:     v0.0[0m
[0;32mI (227) efuse_init: Max chip rev:     v0.99 [0m
[0;32mI (232) efuse_init: Chip rev:         v0.1[0m
[0;32mI (237) heap_init: Initializing. RAM available for dynamic allocation:[0m
[0;32mI (244) heap_init: At 3FC96E30 len 000528E0 (330 KiB): RAM[0m
[0;32mI (250) heap_init: At 3FCE9710 len 00005724 (21 KiB): RAM[0m
[0;32mI (256) heap_init: At 3FCF0000 len 00008000 (32 KiB): DRAM[0m
[0;32mI (262) heap_init: At 600FE100 len 00001EE8 (7 KiB): RTCRAM[0m
[0;32mI (270) spi_flash: detected chip: generic[0m
[0;32mI (273) spi_flash: flash io: dio[0m
[0;33mW (277) spi_flash: Detected size(8192k) larger than the size in the binary image header(2048k). Using the size in the binary image header.[0m
[0;32mI (290) sleep: Configure to isolate all GPIO pins in sleep state[0m
[0;32mI (297) sleep: Enable automatic switching of GPIO sleep configuration[0m
[0;32mI (305) main_task: Started on CPU0[0m
[0;32mI (325) main_task: Calling app_main()[0m
Setting up RMT TX channel...
[0;32mI (325) gpio: GPIO[19]| InputEn: 0| OutputEn: 1| OpenDrain: 0| Pullup: 1| Pulldown: 0| Intr:0 [0m
Starting RMT transmission...
[0;31mE (335) rmt: rmt_transmit(530): invalid argument[0m
ESP_ERROR_CHECK failed: esp_err_t 0x102 (ESP_ERR_INVALID_ARG) at 0x42008ff5
file: "./main/custom_pulse.c" line 49
func: app_main
expression: rmt_transmit(tx_channel, NULL, &pulse_pattern, sizeof(pulse_pattern), &transmit_config)

abort() was called at PC 0x4037aab7 on core 0


Backtrace: 0x40375a8e:0x3fc997f0 0x4037aac1:0x3fc99810 0x4038163d:0x3fc99830 0x4037aab7:0x3fc998a0 0x42008ff5:0x3fc998d0 0x4201a5e3:0x3fc99920 0x4037b569:0x3fc99950




ELF file SHA256: 2e933575e

Rebooting...
ESP-ROM:esp32s3-20210327
Build:Mar 27 2021
rst:0xc (RTC_SW_CPU_RST),boot:0x8 (SPI_FAST_FLASH_BOOT)
Saved PC:0x403759c8
SPIWP:0xee
mode:DIO, clock div:1
load:0x3fce2810,len:0x1870
load:0x403c8700,len:0x4
load:0x403c8704,len:0xce8
load:0x403cb700,len:0x2ed8
entry 0x403c8918
[0;32mI (31) boot: ESP-IDF v5.3.2 2nd stage bootloader[0m
[0;32mI (31) boot: compile time Apr 23 2025 13:19:05[0m
[0;32mI (31) boot: Multicore bootloader[0m
[0;32mI (34) boot: chip revision: v0.1[0m
[0;32mI (38) boot: efuse block revision: v1.2[0m
[0;32mI (43) boot.esp32s3: Boot SPI Speed : 80MHz[0m
[0;32mI (47) boot.esp32s3: SPI Mode       : DIO[0m
[0;32mI (52) boot.esp32s3: SPI Flash Size : 2MB[0m
[0;32mI (57) boot: Enabling RNG early entropy source...[0m
[0;32mI (62) boot: Partition Table:[0m
[0;32mI (66) boot: ## Label            Usage          Type ST Offset   Length[0m
[0;32mI (73) boot:  0 nvs              WiFi data        01 02 00009000 00006000[0m
[0;32mI (81) boot:  1 phy_init         RF data          01 01 0000f000 00001000[0m
[0;32mI (88) boot:  2 factory          factory app      00 00 00010000 00100000[0m
[0;32mI (96) boot: End of partition table[0m
[0;32mI (100) esp_image: segment 0: paddr=00010020 vaddr=3c020020 size=0bb90h ( 48016) map[0m
[0;32mI (117) esp_image: segment 1: paddr=0001bbb8 vaddr=3fc93800 size=02d68h ( 11624) load[0m
[0;32mI (119) esp_image: segment 2: paddr=0001e928 vaddr=40374000 size=016f0h (  5872) load[0m
[0;32mI (126) esp_image: segment 3: paddr=00020020 vaddr=42000020 size=1b408h (111624) map[0m
[0;32mI (153) esp_image: segment 4: paddr=0003b430 vaddr=403756f0 size=0e0e8h ( 57576) load[0m
[0;32mI (172) boot: Loaded app from partition at offset 0x10000[0m
[0;32mI (173) boot: Disabling RNG early entropy source...[0m
[0;32mI (184) cpu_start: Multicore app[0m
[0;32mI (194) cpu_start: Pro cpu start user code[0m
[0;32mI (194) cpu_start: cpu freq: 160000000 Hz[0m
[0;32mI (194) app_init: Application information:[0m
[0;32mI (197) app_init: Project name:     custom_pulse[0m
[0;32mI (202) app_init: App version:      1[0m
[0;32mI (206) app_init: Compile time:     Apr 23 2025 13:18:58[0m
[0;32mI (212) app_init: ELF file SHA256:  2e933575e...[0m
[0;32mI (217) app_init: ESP-IDF:          v5.3.2[0m
[0;32mI (222) efuse_init: Min chip rev:     v0.0[0m
[0;32mI (227) efuse_init: Max chip rev:     v0.99 [0m
[0;32mI (232) efuse_init: Chip rev:         v0.1[0m
[0;32mI (237) heap_init: Initializing. RAM available for dynamic allocation:[0m
[0;32mI (244) heap_init: At 3FC96E30 len 000528E0 (330 KiB): RAM[0m
[0;32mI (250) heap_init: At 3FCE9710 len 00005724 (21 KiB): RAM[0m
[0;32mI (256) heap_init: At 3FCF0000 len 00008000 (32 KiB): DRAM[0m
[0;32mI (262) heap_init: At 600FE100 len 00001EE8 (7 KiB): RTCRAM[0m
[0;32mI (270) spi_flash: detected chip: generic[0m
[0;32mI (273) spi_flash: flash io: dio[0m
[0;33mW (277) spi_flash: Detected size(8192k) larger than the size in the binary image header(2048k). Using the size in the binary image header.[0m
[0;32mI (290) sleep: Configure to isolate all GPIO pins in sleep state[0m
[0;32mI (297) sleep: Enable automatic switching of GPIO sleep configuration[0m
[0;32mI (305) main_task: Started on CPU0[0m
[0;32mI (325) main_task: Calling app_main()[0m
Setting up RMT TX channel...
[0;32mI (325) gpio: GPIO[19]| InputEn: 0| OutputEn: 1| OpenDrain: 0| Pullup: 1| Pulldown: 0| Intr:0 [0m
Starting RMT transmission...
[0;31mE (335) rmt: rmt_transmit(530): invalid argument[0m
ESP_ERROR_CHECK failed: esp_err_t 0x102 (ESP_ERR_INVALID_ARG) at 0x42008ff5
file: "./main/custom_pulse.c" line 49
func: app_main
expression: rmt_transmit(tx_channel, NULL, &pulse_pattern, sizeof(pulse_pattern), &transmit_config)

abort() was called at PC 0x4037aab7 on core 0


Backtrace: 0x40375a8e:0x3fc997f0 0x4037aac1:0x3fc99810 0x4038163d:0x3fc99830 0x4037aab7:0x3fc998a0 0x42008ff5:0x3fc998d0 0x4201a5e3:0x3fc99920 0x4037b569:0x3fc99950




ELF file SHA256: 2e933575e

Rebooting...
ESP-ROM:esp32s3-20210327
Build:Mar 27 2021
rst:0xc (RTC_SW_CPU_RST),boot:0x8 (SPI_FAST_FLASH_BOOT)
Saved PC:0x403759c8
SPIWP:0xee
mode:DIO, clock div:1
load:0x3fce2810,len:0x1870
load:0x403c8700,len:0x4
load:0x403c8704,len:0xce8
load:0x403cb700,len:0x2ed8
entry 0x403c8918
[0;32mI (31) boot: ESP-IDF v5.3.2 2nd stage bootloader[0m
[0;32mI (31) boot: compile time Apr 23 2025 13:19:05[0m
[0;32mI (31) boot: Multicore bootloader[0m
[0;32mI (34) boot: chip revision: v0.1[0m
[0;32mI (38) boot: efuse block revision: v1.2[0m
[0;32mI (43) boot.esp32s3: Boot SPI Speed : 80MHz[0m
[0;32mI (47) boot.esp32s3: SPI Mode       : DIO[0m
[0;32mI (52) boot.esp32s3: SPI Flash Size : 2MB[0m
[0;32mI (57) boot: Enabling RNG early entropy source...[0m
[0;32mI (62) boot: Partition Table:[0m
[0;32mI (66) boot: ## Label            Usage          Type ST Offset   Length[0m
[0;32mI (73) boot:  0 nvs              WiFi data        01 02 00009000 00006000[0m
[0;32mI (81) boot:  1 phy_init         RF data          01 01 0000f000 00001000[0m
[0;32mI (88) boot:  2 factory          factory app      00 00 00010000 00100000[0m
[0;32mI (96) boot: End of partition table[0m
[0;32mI (100) esp_image: segment 0: paddr=00010020 vaddr=3c020020 size=0bb90h ( 48016) map[0m
[0;32mI (117) esp_image: segment 1: paddr=0001bbb8 vaddr=3fc93800 size=02d68h ( 11624) load[0m
[0;32mI (119) esp_image: segment 2: paddr=0001e928 vaddr=40374000 size=016f0h (  5872) load[0m
[0;32mI (126) esp_image: segment 3: paddr=00020020 vaddr=42000020 size=1b408h (111624) map[0m
[0;32mI (153) esp_image: segment 4: paddr=0003b430 vaddr=403756f0 size=0e0e8h ( 57576) load[0m
[0;32mI (172) boot: Loaded app from partition at offset 0x10000[0m
[0;32mI (173) boot: Disabling RNG early entropy source...[0m
[0;32mI (184) cpu_start: Multicore app[0m
[0;32mI (194) cpu_start: Pro cpu start user code[0m
[0;32mI (194) cpu_start: cpu freq: 160000000 Hz[0m
[0;32mI (194) app_init: Application information:[0m
[0;32mI (197) app_init: Project name:     custom_pulse[0m
[0;32mI (202) app_init: App version:      1[0m
[0;32mI (206) app_init: Compile time:     Apr 23 2025 13:18:58[0m
[0;32mI (212) app_init: ELF file SHA256:  2e933575e...[0m
[0;32mI (217) app_init: ESP-IDF:          v5.3.2[0m
[0;32mI (222) efuse_init: Min chip rev:     v0.0[0m
[0;32mI (227) efuse_init: Max chip rev:     v0.99 [0m
[0;32mI (232) efuse_init: Chip rev:         v0.1[0m
[0;32mI (237) heap_init: Initializing. RAM available for dynamic allocation:[0m
[0;32mI (244) heap_init: At 3FC96E30 len 000528E0 (330 KiB): RAM[0m
[0;32mI (250) heap_init: At 3FCE9710 len 00005724 (21 KiB): RAM[0m
[0;32mI (256) heap_init: At 3FCF0000 len 00008000 (32 KiB): DRAM[0m
[0;32mI (262) heap_init: At 600FE100 len 00001EE8 (7 KiB): RTCRAM[0m
[0;32mI (270) spi_flash: detected chip: generic[0m
[0;32mI (273) spi_flash: flash io: dio[0m
[0;33mW (277) spi_flash: Detected size(8192k) larger than the size in the binary image header(2048k). Using the size in the binary image header.[0m
[0;32mI (290) sleep: Configure to isolate all GPIO pins in sleep state[0m
[0;32mI (297) sleep: Enable automatic switching of GPIO sleep configuration[0m
[0;32mI (305) main_task: Started on CPU0[0m
[0;32mI (325) main_task: Calling app_main()[0m
Setting up RMT TX channel...
[0;32mI (325) gpio: GPIO[19]| InputEn: 0| OutputEn: 1| OpenDrain: 0| Pullup: 1| Pulldown: 0| Intr:0 [0m
Starting RMT transmission...
[0;31mE (335) rmt: rmt_transmit(530): invalid argument[0m
ESP_ERROR_CHECK failed: esp_err_t 0x102 (ESP_ERR_INVALID_ARG) at 0x42008ff5
file: "./main/custom_pulse.c" line 49
func: app_main
expression: rmt_transmit(tx_channel, NULL, &pulse_pattern, sizeof(pulse_pattern), &transmit_config)

abort() was called at PC 0x4037aab7 on core 0


Backtrace: 0x40375a8e:0x3fc997f0 0x4037aac1:0x3fc99810 0x4038163d:0x3fc99830 0x4037aab7:0x3fc998a0 0x42008ff5:0x3fc998d0 0x4201a5e3:0x3fc99920 0x4037b569:0x3fc99950




ELF file SHA256: 2e933575e

Rebooting...
ESP-ROM:esp32s3-20210327
Build:Mar 27 2021
rst:0xc (RTC_SW_CPU_RST),boot:0x8 (SPI_FAST_FLASH_BOOT)
Saved PC:0x403759c8
SPIWP:0xee
mode:DIO, clock div:1
load:0x3fce2810,len:0x1870
load:0x403c8700,len:0x4
load:0x403c8704,len:0xce8
load:0x403cb700,len:0x2ed8
entry 0x403c8918
[0;32mI (31) boot: ESP-IDF v5.3.2 2nd stage bootloader[0m
[0;32mI (31) boot: compile time Apr 23 2025 13:19:05[0m
[0;32mI (31) boot: Multicore bootloader[0m
[0;32mI (34) boot: chip revision: v0.1[0m
[0;32mI (38) boot: efuse block revision: v1.2[0m
[0;32mI (43) boot.esp32s3: Boot SPI Speed : 80MHz[0m
[0;32mI (47) boot.esp32s3: SPI Mode       : DIO[0m
[0;32mI (52) boot.esp32s3: SPI Flash Size : 2MB[0m
[0;32mI (57) boot: Enabling RNG early entropy source...[0m
[0;32mI (62) boot: Partition Table:[0m
[0;32mI (66) boot: ## Label            Usage          Type ST Offset   Length[0m
[0;32mI (73) boot:  0 nvs              WiFi data        01 02 00009000 00006000[0m
[0;32mI (81) boot:  1 phy_init         RF data          01 01 0000f000 00001000[0m
[0;32mI (88) boot:  2 factory          factory app      00 00 00010000 00100000[0m
[0;32mI (96) boot: End of partition table[0m
[0;32mI (100) esp_image: segment 0: paddr=00010020 vaddr=3c020020 size=0bb90h ( 48016) map[0m
[0;32mI (117) esp_image: segment 1: paddr=0001bbb8 vaddr=3fc93800 size=02d68h ( 11624) load[0m
[0;32mI (119) esp_image: segment 2: paddr=0001e928 vaddr=40374000 size=016f0h (  5872) load[0m
[0;32mI (126) esp_image: segment 3: paddr=00020020 vaddr=42000020 size=1b408h (111624) map[0m
[0;32mI (153) esp_image: segment 4: paddr=0003b430 vaddr=403756f0 size=0e0e8h ( 57576) load[0m
[0;32mI (172) boot: Loaded app from partition at offset 0x10000[0m
[0;32mI (173) boot: Disabling RNG early entropy source...[0m
[0;32mI (184) cpu_start: Multicore app[0m
[0;32mI (194) cpu_start: Pro cpu start user code[0m
[0;32mI (194) cpu_start: cpu freq: 160000000 Hz[0m
[0;32mI (194) app_init: Application information:[0m
[0;32mI (197) app_init: Project name:     custom_pulse[0m
[0;32mI (202) app_init: App version:      1[0m
[0;32mI (206) app_init: Compile time:     Apr 23 2025 13:18:58[0m
[0;32mI (212) app_init: ELF file SHA256:  2e933575e...[0m
[0;32mI (217) app_init: ESP-IDF:          v5.3.2[0m
[0;32mI (222) efuse_init: Min chip rev:     v0.0[0m
[0;32mI (227) efuse_init: Max chip rev:     v0.99 [0m
[0;32mI (232) efuse_init: Chip rev:         v0.1[0m
[0;32mI (237) heap_init: Initializing. RAM available for dynamic allocation:[0m
[0;32mI (244) heap_init: At 3FC96E30 len 000528E0 (330 KiB): RAM[0m
[0;32mI (250) heap_init: At 3FCE9710 len 00005724 (21 KiB): RAM[0m
[0;32mI (256) heap_init: At 3FCF0000 len 00008000 (32 KiB): DRAM[0m
[0;32mI (262) heap_init: At 600FE100 len 00001EE8 (7 KiB): RTCRAM[0m
[0;32mI (270) spi_flash: detected chip: generic[0m
[0;32mI (273) spi_flash: flash io: dio[0m
[0;33mW (277) spi_flash: Detected size(8192k) larger than the size in the binary image header(2048k). Using the size in the binary image header.[0m
[0;32mI (290) sleep: Configure to isolate all GPIO pins in sleep state[0m
[0;32mI (297) sleep: Enable automatic switching of GPIO sleep configuration[0m
[0;32mI (305) main_task: Started on CPU0[0m
[0;32mI (325) main_task: Calling app_main()[0m
Setting up RMT TX channel...
[0;32mI (325) gpio: GPIO[19]| InputEn: 0| OutputEn: 1| OpenDrain: 0| Pullup: 1| Pulldown: 0| Intr:0 [0m
Starting RMT transmission...
[0;31mE (335) rmt: rmt_transmit(530): invalid argument[0m
ESP_ERROR_CHECK failed: esp_err_t 0x102 (ESP_ERR_INVALID_ARG) at 0x42008ff5
file: "./main/custom_pulse.c" line 49
func: app_main
expression: rmt_transmit(tx_channel, NULL, &pulse_pattern, sizeof(pulse_pattern), &transmit_config)

abort() was called at PC 0x4037aab7 on core 0


Backtrace: 0x40375a8e:0x3fc997f0 0x4037aac1:0x3fc99810 0x4038163d:0x3fc99830 0x4037aab7:0x3fc998a0 0x42008ff5:0x3fc998d0 0x4201a5e3:0x3fc99920 0x4037b569:0x3fc99950




ELF file SHA256: 2e933575e

Rebooting...
ESP-ROM:esp32s3-20210327
Build:Mar 27 2021
rst:0xc (RTC_SW_CPU_RST),boot:0x8 (SPI_FAST_FLASH_BOOT)
Saved PC:0x403759c8
SPIWP:0xee
mode:DIO, clock div:1
load:0x3fce2810,len:0x1870
load:0x403c8700,len:0x4
load:0x403c8704,len:0xce8
load:0x403cb700,len:0x2ed8
entry 0x403c8918
[0;32mI (31) boot: ESP-IDF v5.3.2 2nd stage bootloader[0m
[0;32mI (31) boot: compile time Apr 23 2025 13:19:05[0m
[0;32mI (31) boot: Multicore bootloader[0m
[0;32mI (34) boot: chip revision: v0.1[0m
[0;32mI (38) boot: efuse block revision: v1.2[0m
[0;32mI (43) boot.esp32s3: Boot SPI Speed : 80MHz[0m
[0;32mI (47) boot.esp32s3: SPI Mode       : DIO[0m
[0;32mI (52) boot.esp32s3: SPI Flash Size : 2MB[0m
[0;32mI (57) boot: Enabling RNG early entropy source...[0m
[0;32mI (62) boot: Partition Table:[0m
[0;32mI (66) boot: ## Label            Usage          Type ST Offset   Length[0m
[0;32mI (73) boot:  0 nvs              WiFi data        01 02 00009000 00006000[0m
[0;32mI (81) boot:  1 phy_init         RF data          01 01 0000f000 00001000[0m
[0;32mI (88) boot:  2 factory          factory app      00 00 00010000 00100000[0m
[0;32mI (96) boot: End of partition table[0m
[0;32mI (100) esp_image: segment 0: paddr=00010020 vaddr=3c020020 size=0bb90h ( 48016) map[0m
[0;32mI (117) esp_image: segment 1: paddr=0001bbb8 vaddr=3fc93800 size=02d68h ( 11624) load[0m
[0;32mI (119) esp_image: segment 2: paddr=0001e928 vaddr=40374000 size=016f0h (  5872) load[0m
[0;32mI (126) esp_image: segment 3: paddr=00020020 vaddr=42000020 size=1b408h (111624) map[0m
[0;32mI (153) esp_image: segment 4: paddr=0003b430 vaddr=403756f0 size=0e0e8h ( 57576) load[0m
[0;32mI (172) boot: Loaded app from partition at offset 0x10000[0m
[0;32mI (173) boot: Disabling RNG early entropy source...[0m
[0;32mI (184) cpu_start: Multicore app[0m
[0;32mI (194) cpu_start: Pro cpu start user code[0m
[0;32mI (194) cpu_start: cpu freq: 160000000 Hz[0m
[0;32mI (194) app_init: Application information:[0m
[0;32mI (197) app_init: Project name:     custom_pulse[0m
[0;32mI (202) app_init: App version:      1[0m
[0;32mI (206) app_init: Compile time:     Apr 23 2025 13:18:58[0m
[0;32mI (212) app_init: ELF file SHA256:  2e933575e...[0m
[0;32mI (217) app_init: ESP-IDF:          v5.3.2[0m
[0;32mI (222) efuse_init: Min chip rev:     v0.0[0m
[0;32mI (227) efuse_init: Max chip rev:     v0.99 [0m
[0;32mI (232) efuse_init: Chip rev:         v0.1[0m
[0;32mI (237) heap_init: Initializing. RAM available for dynamic allocation:[0m
[0;32mI (244) heap_init: At 3FC96E30 len 000528E0 (330 KiB): RAM[0m
[0;32mI (250) heap_init: At 3FCE9710 len 00005724 (21 KiB): RAM[0m
[0;32mI (256) heap_init: At 3FCF0000 len 00008000 (32 KiB): DRAM[0m
[0;32mI (262) heap_init: At 600FE100 len 00001EE8 (7 KiB): RTCRAM[0m
[0;32mI (270) spi_flash: detected chip: generic[0m
[0;32mI (273) spi_flash: flash io: dio[0m
[0;33mW (277) spi_flash: Detected size(8192k) larger than the size in the binary image header(2048k). Using the size in the binary image header.[0m
[0;32mI (290) sleep: Configure to isolate all GPIO pins in sleep state[0m
[0;32mI (297) sleep: Enable automatic switching of GPIO sleep configuration[0m
[0;32mI (305) main_task: Started on CPU0[0m
[0;32mI (325) main_task: Calling app_main()[0m
Setting up RMT TX channel...
[0;32mI (325) gpio: GPIO[19]| InputEn: 0| OutputEn: 1| OpenDrain: 0| Pullup: 1| Pulldown: 0| Intr:0 [0m
Starting RMT transmission...
[0;31mE (335) rmt: rmt_transmit(530): invalid argument[0m
ESP_ERROR_CHECK failed: esp_err_t 0x102 (ESP_ERR_INVALID_ARG) at 0x42008ff5
file: "./main/custom_pulse.c" line 49
func: app_main
expression: rmt_transmit(tx_channel, NULL, &pulse_pattern, sizeof(pulse_pattern), &transmit_config)

abort() was called at PC 0x4037aab7 on core 0


Backtrace: 0x40375a8e:0x3fc997f0 0x4037aac1:0x3fc99810 0x4038163d:0x3fc99830 0x4037aab7:0x3fc998a0 0x42008ff5:0x3fc998d0 0x4201a5e3:0x3fc99920 0x4037b569:0x3fc99950
Rebooting...
ESP-ROM:esp32s3-20210327
Build:Mar 27 2021
rst:0xc (RTC_SW_CPU_RST),boot:0x8 (SPI_FAST_FLASH_BOOT)
Saved PC:0x403759c8
SPIWP:0xee
mode:DIO, clock div:1
load:0x3fce2810,len:0x1870
load:0x403c8700,len:0x4
load:0x403c8704,len:0xce8
load:0x403cb700,len:0x2ed8
entry 0x403c8918
[0;32mI (31) boot: ESP-IDF v5.3.2 2nd stage bootloader[0m
[0;32mI (31) boot: compile time Apr 23 2025 13:19:05[0m
[0;32mI (31) boot: Multicore bootloader[0m
[0;32mI (34) boot: chip revision: v0.1[0m
[0;32mI (38) boot: efuse block revision: v1.2[0m
[0;32mI (43) boot.esp32s3: Boot SPI Speed : 80MHz[0m
[0;32mI (47) boot.esp32s3: SPI Mode       : DIO[0m
[0;32mI (52) boot.esp32s3: SPI Flash Size : 2MB[0m
[0;32mI (57) boot: Enabling RNG early entropy source...[0m
[0;32mI (62) boot: Partition Table:[0m
[0;32mI (66) boot: ## Label            Usage          Type ST Offset   Length[0m
[0;32mI (73) boot:  0 nvs              WiFi data        01 02 00009000 00006000[0m
[0;32mI (81) boot:  1 phy_init         RF data          01 01 0000f000 00001000[0m
[0;32mI (88) boot:  2 factory          factory app      00 00 00010000 00100000[0m
[0;32mI (96) boot: End of partition table[0m
[0;32mI (100) esp_image: segment 0: paddr=00010020 vaddr=3c020020 size=0bb90h ( 48016) map[0m
[0;32mI (117) esp_image: segment 1: paddr=0001bbb8 vaddr=3fc93800 size=02d68h ( 11624) load[0m
[0;32mI (119) esp_image: segment 2: paddr=0001e928 vaddr=40374000 size=016f0h (  5872) load[0m
[0;32mI (126) esp_image: segment 3: paddr=00020020 vaddr=42000020 size=1b408h (111624) map[0m
[0;32mI (153) esp_image: segment 4: paddr=0003b430 vaddr=403756f0 size=0e0e8h ( 57576) load[0m
[0;32mI (172) boot: Loaded app from partition at offset 0x10000[0m
[0;32mI (173) boot: Disabling RNG early entropy source...[0m
[0;32mI (184) cpu_start: Multicore app[0m
[0;32mI (194) cpu_start: Pro cpu start user code[0m
[0;32mI (194) cpu_start: cpu freq: 160000000 Hz[0m
[0;32mI (194) app_init: Application information:[0m
[0;32mI (197) app_init: Project name:     custom_pulse[0m
[0;32mI (202) app_init: App version:      1[0m
[0;32mI (206) app_init: Compile time:     Apr 23 2025 13:18:58[0m
[0;32mI (212) app_init: ELF file SHA256:  2e933575e...[0m
[0;32mI (217) app_init: ESP-IDF:          v5.3.2[0m
[0;32mI (222) efuse_init: Min chip rev:     v0.0[0m
[0;32mI (227) efuse_init: Max chip rev:     v0.99 [0m
[0;32mI (232) efuse_init: Chip rev:         v0.1[0m
[0;32mI (237) heap_init: Initializing. RAM available for dynamic allocation:[0m
[0;32mI (244) heap_init: At 3FC96E30 len 000528E0 (330 KiB): RAM[0m
[0;32mI (250) heap_init: At 3FCE9710 len 00005724 (21 KiB): RAM[0m
[0;32mI (256) heap_init: At 3FCF0000 len 00008000 (32 KiB): DRAM[0m
[0;32mI (262) heap_init: At 600FE100 len 00001EE8 (7 KiB): RTCRAM[0m
[0;32mI (270) spi_flash: detected chip: generic[0m
[0;32mI (273) spi_flash: flash io: dio[0m
[0;33mW (277) spi_flash: Detected size(8192k) larger than the size in the binary image header(2048k). Using the size in the binary image header.[0m
[0;32mI (290) sleep: Configure to isolate all GPIO pins in sleep state[0m
[0;32mI (297) sleep: Enable automatic switching of GPIO sleep configuration[0m
[0;32mI (305) main_task: Started on CPU0[0m
[0;32mI (325) main_task: Calling app_main()[0m
Setting up RMT TX channel...
[0;32mI (325) gpio: GPIO[19]| InputEn: 0| OutputEn: 1| OpenDrain: 0| Pullup: 1| Pulldown: 0| Intr:0 [0m
Starting RMT transmission...
[0;31mE (335) rmt: rmt_transmit(530): invalid argument[0m
ESP_ERROR_CHECK failed: esp_err_t 0x102 (ESP_ERR_INVALID_ARG) at 0x42008ff5
file: "./main/custom_pulse.c" line 49
func: app_main
expression: rmt_transmit(tx_channel, NULL, &pulse_pattern, sizeof(pulse_pattern), &transmit_config)

abort() was called at PC 0x4037aab7 on core 0


Backtrace: 0x40375a8e:0x3fc997f0 0x4037aac1:0x3fc99810 0x4038163d:0x3fc99830 0x4037aab7:0x3fc998a0 0x42008ff5:0x3fc998d0 0x4201a5e3:0x3fc99920 0x4037b569:0x3fc99950




ELF file SHA256: 2e933575e

Rebooting...
ESP-ROM:esp32s3-20210327
Build:Mar 27 2021
rst:0xc (RTC_SW_CPU_RST),boot:0x8 (SPI_FAST_FLASH_BOOT)
Saved PC:0x403759c8
SPIWP:0xee
mode:DIO, clock div:1
load:0x3fce2810,len:0x1870
load:0x403c8700,len:0x4
load:0x403c8704,len:0xce8
load:0x403cb700,len:0x2ed8
entry 0x403c8918
[0;32mI (31) boot: ESP-IDF v5.3.2 2nd stage bootloader[0m
[0;32mI (31) boot: compile time Apr 23 2025 13:19:05[0m
[0;32mI (31) boot: Multicore bootloader[0m
[0;32mI (34) boot: chip revision: v0.1[0m
[0;32mI (38) boot: efuse block revision: v1.2[0m
[0;32mI (43) boot.esp32s3: Boot SPI Speed : 80MHz[0m
[0;32mI (47) boot.esp32s3: SPI Mode       : DIO[0m
[0;32mI (52) boot.esp32s3: SPI Flash Size : 2MB[0m
[0;32mI (57) boot: Enabling RNG early entropy source...[0m
[0;32mI (62) boot: Partition Table:[0m
[0;32mI (66) boot: ## Label            Usage          Type ST Offset   Length[0m
[0;32mI (73) boot:  0 nvs              WiFi data        01 02 00009000 00006000[0m
[0;32mI (81) boot:  1 phy_init         RF data          01 01 0000f000 00001000[0m
[0;32mI (88) boot:  2 factory          factory app      00 00 00010000 00100000[0m
[0;32mI (96) boot: End of partition table[0m
[0;32mI (100) esp_image: segment 0: paddr=00010020 vaddr=3c020020 size=0bb90h ( 48016) map[0m
[0;32mI (117) esp_image: segment 1: paddr=0001bbb8 vaddr=3fc93800 size=02d68h ( 11624) load[0m
[0;32mI (119) esp_image: segment 2: paddr=0001e928 vaddr=40374000 size=016f0h (  5872) load[0m
[0;32mI (126) esp_image: segment 3: paddr=00020020 vaddr=42000020 size=1b408h (111624) map[0m
[0;32mI (153) esp_image: segment 4: paddr=0003b430 vaddr=403756f0 size=0e0e8h ( 57576) load[0m
[0;32mI (172) boot: Loaded app from partition at offset 0x10000[0m
[0;32mI (173) boot: Disabling RNG early entropy source...[0m
[0;32mI (184) cpu_start: Multicore app[0m
[0;32mI (194) cpu_start: Pro cpu start user code[0m
[0;32mI (194) cpu_start: cpu freq: 160000000 Hz[0m
[0;32mI (194) app_init: Application information:[0m
[0;32mI (197) app_init: Project name:     custom_pulse[0m
[0;32mI (202) app_init: App version:      1[0m
[0;32mI (206) app_init: Compile time:     Apr 23 2025 13:18:58[0m
[0;32mI (212) app_init: ELF file SHA256:  2e933575e...[0m
[0;32mI (217) app_init: ESP-IDF:          v5.3.2[0m
[0;32mI (222) efuse_init: Min chip rev:     v0.0[0m
[0;32mI (227) efuse_init: Max chip rev:     v0.99 [0m
[0;32mI (232) efuse_init: Chip rev:         v0.1[0m
[0;32mI (237) heap_init: Initializing. RAM available for dynamic allocation:[0m
[0;32mI (244) heap_init: At 3FC96E30 len 000528E0 (330 KiB): RAM[0m
[0;32mI (250) heap_init: At 3FCE9710 len 00005724 (21 KiB): RAM[0m
[0;32mI (256) heap_init: At 3FCF0000 len 00008000 (32 KiB): DRAM[0m
[0;32mI (262) heap_init: At 600FE100 len 00001EE8 (7 KiB): RTCRAM[0m
[0;32mI (270) spi_flash: detected chip: generic[0m
[0;32mI (273) spi_flash: flash io: dio[0m
[0;33mW (277) spi_flash: Detected size(8192k) larger than the size in the binary image header(2048k). Using the size in the binary image header.[0m
[0;32mI (290) sleep: Configure to isolate all GPIO pins in sleep state[0m
[0;32mI (297) sleep: Enable automatic switching of GPIO sleep configuration[0m
[0;32mI (305) main_task: Started on CPU0[0m
[0;32mI (325) main_task: Calling app_main()[0m
Setting up RMT TX channel...
[0;32mI (325) gpio: GPIO[19]| InputEn: 0| OutputEn: 1| OpenDrain: 0| Pullup: 1| Pulldown: 0| Intr:0 [0m
Starting RMT transmission...
[0;31mE (335) rmt: rmt_transmit(530): invalid argument[0m
ESP_ERROR_CHECK failed: esp_err_t 0x102 (ESP_ERR_INVALID_ARG) at 0x42008ff5
file: "./main/custom_pulse.c" line 49
func: app_main
expression: rmt_transmit(tx_channel, NULL, &pulse_pattern, sizeof(pulse_pattern), &transmit_config)

abort() was called at PC 0x4037aab7 on core 0


Backtrace: 0x40375a8e:0x3fc997f0 0x4037aac1:0x3fc99810 0x4038163d:0x3fc99830 0x4037aab7:0x3fc998a0 0x42008ff5:0x3fc998d0 0x4201a5e3:0x3fc99920 0x4037b569:0x3fc99950
Rebooting...
ESP-ROM:esp32s3-20210327
Build:Mar 27 2021
rst:0xc (RTC_SW_CPU_RST),boot:0x8 (SPI_FAST_FLASH_BOOT)
Saved PC:0x403759c8
SPIWP:0xee
mode:DIO, clock div:1
load:0x3fce2810,len:0x1870
load:0x403c8700,len:0x4
load:0x403c8704,len:0xce8
load:0x403cb700,len:0x2ed8
entry 0x403c8918
[0;32mI (31) boot: ESP-IDF v5.3.2 2nd stage bootloader[0m
[0;32mI (31) boot: compile time Apr 23 2025 13:19:05[0m
[0;32mI (31) boot: Multicore bootloader[0m
[0;32mI (34) boot: chip revision: v0.1[0m
[0;32mI (38) boot: efuse block revision: v1.2[0m
[0;32mI (43) boot.esp32s3: Boot SPI Speed : 80MHz[0m
[0;32mI (47) boot.esp32s3: SPI Mode       : DIO[0m
[0;32mI (52) boot.esp32s3: SPI Flash Size : 2MB[0m
[0;32mI (57) boot: Enabling RNG early entropy source...[0m
[0;32mI (62) boot: Partition Table:[0m
[0;32mI (66) boot: ## Label            Usage          Type ST Offset   Length[0m
[0;32mI (73) boot:  0 nvs              WiFi data        01 02 00009000 00006000[0m
[0;32mI (81) boot:  1 phy_init         RF data          01 01 0000f000 00001000[0m
[0;32mI (88) boot:  2 factory          factory app      00 00 00010000 00100000[0m
[0;32mI (96) boot: End of partition table[0m
[0;32mI (100) esp_image: segment 0: paddr=00010020 vaddr=3c020020 size=0bb90h ( 48016) map[0m
[0;32mI (117) esp_image: segment 1: paddr=0001bbb8 vaddr=3fc93800 size=02d68h ( 11624) load[0m
[0;32mI (119) esp_image: segment 2: paddr=0001e928 vaddr=40374000 size=016f0h (  5872) load[0m
[0;32mI (126) esp_image: segment 3: paddr=00020020 vaddr=42000020 size=1b408h (111624) map[0m
[0;32mI (153) esp_image: segment 4: paddr=0003b430 vaddr=403756f0 size=0e0e8h ( 57576) load[0m
[0;32mI (172) boot: Loaded app from partition at offset 0x10000[0m
[0;32mI (173) boot: Disabling RNG early entropy source...[0m
[0;32mI (184) cpu_start: Multicore app[0m
[0;32mI (194) cpu_start: Pro cpu start user code[0m
[0;32mI (194) cpu_start: cpu freq: 160000000 Hz[0m
[0;32mI (194) app_init: Application information:[0m
[0;32mI (197) app_init: Project name:     custom_pulse[0m
[0;32mI (202) app_init: App version:      1[0m
[0;32mI (206) app_init: Compile time:     Apr 23 2025 13:18:58[0m
[0;32mI (212) app_init: ELF file SHA256:  2e933575e...[0m
[0;32mI (217) app_init: ESP-IDF:          v5.3.2[0m
[0;32mI (222) efuse_init: Min chip rev:     v0.0[0m
[0;32mI (227) efuse_init: Max chip rev:     v0.99 [0m
[0;32mI (232) efuse_init: Chip rev:         v0.1[0m
[0;32mI (237) heap_init: Initializing. RAM available for dynamic allocation:[0m
[0;32mI (244) heap_init: At 3FC96E30 len 000528E0 (330 KiB): RAM[0m
[0;32mI (250) heap_init: At 3FCE9710 len 00005724 (21 KiB): RAM[0m
[0;32mI (256) heap_init: At 3FCF0000 len 00008000 (32 KiB): DRAM[0m
[0;32mI (262) heap_init: At 600FE100 len 00001EE8 (7 KiB): RTCRAM[0m
[0;32mI (270) spi_flash: detected chip: generic[0m
[0;32mI (273) spi_flash: flash io: dio[0m
[0;33mW (277) spi_flash: Detected size(8192k) larger than the size in the binary image header(2048k). Using the size in the binary image header.[0m
[0;32mI (290) sleep: Configure to isolate all GPIO pins in sleep state[0m
[0;32mI (297) sleep: Enable automatic switching of GPIO sleep configuration[0m
[0;32mI (305) main_task: Started on CPU0[0m
[0;32mI (325) main_task: Calling app_main()[0m
Setting up RMT TX channel...
[0;32mI (325) gpio: GPIO[19]| InputEn: 0| OutputEn: 1| OpenDrain: 0| Pullup: 1| Pulldown: 0| Intr:0 [0m
Starting RMT transmission...
[0;31mE (335) rmt: rmt_transmit(530): invalid argument[0m
ESP_ERROR_CHECK failed: esp_err_t 0x102 (ESP_ERR_INVALID_ARG) at 0x42008ff5
file: "./main/custom_pulse.c" line 49
func: app_main
expression: rmt_transmit(tx_channel, NULL, &pulse_pattern, sizeof(pulse_pattern), &transmit_config)

abort() was called at PC 0x4037aab7 on core 0


Backtrace: 0x40375a8e:0x3fc997f0 0x4037aac1:0x3fc99810 0x4038163d:0x3fc99830 0x4037aab7:0x3fc998a0 0x42008ff5:0x3fc998d0 0x4201a5e3:0x3fc99920 0x4037b569:0x3fc99950




ELF file SHA256: 2e933575e

Rebooting...
ESP-ROM:esp32s3-20210327
Build:Mar 27 2021
rst:0xc (RTC_SW_CPU_RST),boot:0x8 (SPI_FAST_FLASH_BOOT)
Saved PC:0x403759c8
SPIWP:0xee
mode:DIO, clock div:1
load:0x3fce2810,len:0x1870
load:0x403c8700,len:0x4
load:0x403c8704,len:0xce8
load:0x403cb700,len:0x2ed8
entry 0x403c8918
[0;32mI (31) boot: ESP-IDF v5.3.2 2nd stage bootloader[0m
[0;32mI (31) boot: compile time Apr 23 2025 13:19:05[0m
[0;32mI (31) boot: Multicore bootloader[0m
[0;32mI (34) boot: chip revision: v0.1[0m
[0;32mI (38) boot: efuse block revision: v1.2[0m
[0;32mI (43) boot.esp32s3: Boot SPI Speed : 80MHz[0m
[0;32mI (47) boot.esp32s3: SPI Mode       : DIO[0m
[0;32mI (52) boot.esp32s3: SPI Flash Size : 2MB[0m
[0;32mI (57) boot: Enabling RNG early entropy source...[0m
[0;32mI (62) boot: Partition Table:[0m
[0;32mI (66) boot: ## Label            Usage          Type ST Offset   Length[0m
[0;32mI (73) boot:  0 nvs              WiFi data        01 02 00009000 00006000[0m
[0;32mI (81) boot:  1 phy_init         RF data          01 01 0000f000 00001000[0m
[0;32mI (88) boot:  2 factory          factory app      00 00 00010000 00100000[0m
[0;32mI (96) boot: End of partition table[0m
[0;32mI (100) esp_image: segment 0: paddr=00010020 vaddr=3c020020 size=0bb90h ( 48016) map[0m
[0;32mI (117) esp_image: segment 1: paddr=0001bbb8 vaddr=3fc93800 size=02d68h ( 11624) load[0m
[0;32mI (119) esp_image: segment 2: paddr=0001e928 vaddr=40374000 size=016f0h (  5872) load[0m
[0;32mI (126) esp_image: segment 3: paddr=00020020 vaddr=42000020 size=1b408h (111624) map[0m
[0;32mI (153) esp_image: segment 4: paddr=0003b430 vaddr=403756f0 size=0e0e8h ( 57576) load[0m
[0;32mI (172) boot: Loaded app from partition at offset 0x10000[0m
[0;32mI (173) boot: Disabling RNG early entropy source...[0m
[0;32mI (184) cpu_start: Multicore app[0m
[0;32mI (194) cpu_start: Pro cpu start user code[0m
[0;32mI (194) cpu_start: cpu freq: 160000000 Hz[0m
[0;32mI (194) app_init: Application information:[0m
[0;32mI (197) app_init: Project name:     custom_pulse[0m
[0;32mI (202) app_init: App version:      1[0m
[0;32mI (206) app_init: Compile time:     Apr 23 2025 13:18:58[0m
[0;32mI (212) app_init: ELF file SHA256:  2e933575e...[0m
[0;32mI (217) app_init: ESP-IDF:          v5.3.2[0m
[0;32mI (222) efuse_init: Min chip rev:     v0.0[0m
[0;32mI (227) efuse_init: Max chip rev:     v0.99 [0m
[0;32mI (232) efuse_init: Chip rev:         v0.1[0m
[0;32mI (237) heap_init: Initializing. RAM available for dynamic allocation:[0m
[0;32mI (244) heap_init: At 3FC96E30 len 000528E0 (330 KiB): RAM[0m
[0;32mI (250) heap_init: At 3FCE9710 len 00005724 (21 KiB): RAM[0m
[0;32mI (256) heap_init: At 3FCF0000 len 00008000 (32 KiB): DRAM[0m
[0;32mI (262) heap_init: At 600FE100 len 00001EE8 (7 KiB): RTCRAM[0m
[0;32mI (270) spi_flash: detected chip: generic[0m
[0;32mI (273) spi_flash: flash io: dio[0m
[0;33mW (277) spi_flash: Detected size(8192k) larger than the size in the binary image header(2048k). Using the size in the binary image header.[0m
[0;32mI (290) sleep: Configure to isolate all GPIO pins in sleep state[0m
[0;32mI (297) sleep: Enable automatic switching of GPIO sleep configuration[0m
[0;32mI (305) main_task: Started on CPU0[0m
[0;32mI (325) main_task: Calling app_main()[0m
Setting up RMT TX channel...
[0;32mI (325) gpio: GPIO[19]| InputEn: 0| OutputEn: 1| OpenDrain: 0| Pullup: 1| Pulldown: 0| Intr:0 [0m
Starting RMT transmission...
[0;31mE (335) rmt: rmt_transmit(530): invalid argument[0m
ESP_ERROR_CHECK failed: esp_err_t 0x102 (ESP_ERR_INVALID_ARG) at 0x42008ff5
file: "./main/custom_pulse.c" line 49
func: app_main
expression: rmt_transmit(tx_channel, NULL, &pulse_pattern, sizeof(pulse_pattern), &transmit_config)

abort() was called at PC 0x4037aab7 on core 0


Backtrace: 0x40375a8e:0x3fc997f0 0x4037aac1:0x3fc99810 0x4038163d:0x3fc99830 0x4037aab7:0x3fc998a0 0x42008ff5:0x3fc998d0 0x4201a5e3:0x3fc99920 0x4037b569:0x3fc99950




ELF file SHA256: 2e933575e

Rebooting...
ESP-ROM:esp32s3-20210327
Build:Mar 27 2021
rst:0xc (RTC_SW_CPU_RST),boot:0x8 (SPI_FAST_FLASH_BOOT)
Saved PC:0x403759c8
SPIWP:0xee
mode:DIO, clock div:1
load:0x3fce2810,len:0x1870
load:0x403c8700,len:0x4
load:0x403c8704,len:0xce8
load:0x403cb700,len:0x2ed8
entry 0x403c8918
[0;32mI (31) boot: ESP-IDF v5.3.2 2nd stage bootloader[0m
[0;32mI (31) boot: compile time Apr 23 2025 13:19:05[0m
[0;32mI (31) boot: Multicore bootloader[0m
[0;32mI (34) boot: chip revision: v0.1[0m
[0;32mI (38) boot: efuse block revision: v1.2[0m
[0;32mI (43) boot.esp32s3: Boot SPI Speed : 80MHz[0m
[0;32mI (47) boot.esp32s3: SPI Mode       : DIO[0m
[0;32mI (52) boot.esp32s3: SPI Flash Size : 2MB[0m
[0;32mI (57) boot: Enabling RNG early entropy source...[0m
[0;32mI (62) boot: Partition Table:[0m
[0;32mI (66) boot: ## Label            Usage          Type ST Offset   Length[0m
[0;32mI (73) boot:  0 nvs              WiFi data        01 02 00009000 00006000[0m
[0;32mI (81) boot:  1 phy_init         RF data          01 01 0000f000 00001000[0m
[0;32mI (88) boot:  2 factory          factory app      00 00 00010000 00100000[0m
[0;32mI (96) boot: End of partition table[0m
[0;32mI (100) esp_image: segment 0: paddr=00010020 vaddr=3c020020 size=0bb90h ( 48016) map[0m
[0;32mI (117) esp_image: segment 1: paddr=0001bbb8 vaddr=3fc93800 size=02d68h ( 11624) load[0m
[0;32mI (119) esp_image: segment 2: paddr=0001e928 vaddr=40374000 size=016f0h (  5872) load[0m
[0;32mI (126) esp_image: segment 3: paddr=00020020 vaddr=42000020 size=1b408h (111624) map[0m
[0;32mI (153) esp_image: segment 4: paddr=0003b430 vaddr=403756f0 size=0e0e8h ( 57576) load[0m
[0;32mI (172) boot: Loaded app from partition at offset 0x10000[0m
[0;32mI (173) boot: Disabling RNG early entropy source...[0m
[0;32mI (184) cpu_start: Multicore app[0m
[0;32mI (194) cpu_start: Pro cpu start user code[0m
[0;32mI (194) cpu_start: cpu freq: 160000000 Hz[0m
[0;32mI (194) app_init: Application information:[0m
[0;32mI (197) app_init: Project name:     custom_pulse[0m
[0;32mI (202) app_init: App version:      1[0m
[0;32mI (206) app_init: Compile time:     Apr 23 2025 13:18:58[0m
[0;32mI (212) app_init: ELF file SHA256:  2e933575e...[0m
[0;32mI (217) app_init: ESP-IDF:          v5.3.2[0m
[0;32mI (222) efuse_init: Min chip rev:     v0.0[0m
[0;32mI (227) efuse_init: Max chip rev:     v0.99 [0m
[0;32mI (232) efuse_init: Chip rev:         v0.1[0m
[0;32mI (237) heap_init: Initializing. RAM available for dynamic allocation:[0m
[0;32mI (244) heap_init: At 3FC96E30 len 000528E0 (330 KiB): RAM[0m
[0;32mI (250) heap_init: At 3FCE9710 len 00005724 (21 KiB): RAM[0m
[0;32mI (256) heap_init: At 3FCF0000 len 00008000 (32 KiB): DRAM[0m
[0;32mI (262) heap_init: At 600FE100 len 00001EE8 (7 KiB): RTCRAM[0m
[0;32mI (270) spi_flash: detected chip: generic[0m
[0;32mI (273) spi_flash: flash io: dio[0m
[0;33mW (277) spi_flash: Detected size(8192k) larger than the size in the binary image header(2048k). Using the size in the binary image header.[0m
[0;32mI (290) sleep: Configure to isolate all GPIO pins in sleep state[0m
[0;32mI (297) sleep: Enable automatic switching of GPIO sleep configuration[0m
[0;32mI (305) main_task: Started on CPU0[0m
[0;32mI (325) main_task: Calling app_main()[0m
Setting up RMT TX channel...
[0;32mI (325) gpio: GPIO[19]| InputEn: 0| OutputEn: 1| OpenDrain: 0| Pullup: 1| Pulldown: 0| Intr:0 [0m
Starting RMT transmission...
[0;31mE (335) rmt: rmt_transmit(530): invalid argument[0m
ESP_ERROR_CHECK failed: esp_err_t 0x102 (ESP_ERR_INVALID_ARG) at 0x42008ff5
file: "./main/custom_pulse.c" line 49
func: app_main
expression: rmt_transmit(tx_channel, NULL, &pulse_pattern, sizeof(pulse_pattern), &transmit_config)

abort() was called at PC 0x4037aab7 on core 0


Backtrace: 0x40375a8e:0x3fc997f0 0x4037aac1:0x3fc99810 0x4038163d:0x3fc99830 0x4037aab7:0x3fc998a0 0x42008ff5:0x3fc998d0 0x4201a5e3:0x3fc99920 0x4037b569:0x3fc99950




ELF file SHA256: 2e933575e

Rebooting...
ESP-ROM:esp32s3-20210327
Build:Mar 27 2021
rst:0xc (RTC_SW_CPU_RST),boot:0x8 (SPI_FAST_FLASH_BOOT)
Saved PC:0x403759c8
SPIWP:0xee
mode:DIO, clock div:1
load:0x3fce2810,len:0x1870
load:0x403c8700,len:0x4
load:0x403c8704,len:0xce8
load:0x403cb700,len:0x2ed8
entry 0x403c8918
[0;32mI (31) boot: ESP-IDF v5.3.2 2nd stage bootloader[0m
[0;32mI (31) boot: compile time Apr 23 2025 13:19:05[0m
[0;32mI (31) boot: Multicore bootloader[0m
[0;32mI (34) boot: chip revision: v0.1[0m
[0;32mI (38) boot: efuse block revision: v1.2[0m
[0;32mI (43) boot.esp32s3: Boot SPI Speed : 80MHz[0m
[0;32mI (47) boot.esp32s3: SPI Mode       : DIO[0m
[0;32mI (52) boot.esp32s3: SPI Flash Size : 2MB[0m
[0;32mI (57) boot: Enabling RNG early entropy source...[0m
[0;32mI (62) boot: Partition Table:[0m
[0;32mI (66) boot: ## Label            Usage          Type ST Offset   Length[0m
[0;32mI (73) boot:  0 nvs              WiFi data        01 02 00009000 00006000[0m
[0;32mI (81) boot:  1 phy_init         RF data          01 01 0000f000 00001000[0m
[0;32mI (88) boot:  2 factory          factory app      00 00 00010000 00100000[0m
[0;32mI (96) boot: End of partition table[0m
[0;32mI (100) esp_image: segment 0: paddr=00010020 vaddr=3c020020 size=0bb90h ( 48016) map[0m
[0;32mI (117) esp_image: segment 1: paddr=0001bbb8 vaddr=3fc93800 size=02d68h ( 11624) load[0m
[0;32mI (119) esp_image: segment 2: paddr=0001e928 vaddr=40374000 size=016f0h (  5872) load[0m
[0;32mI (126) esp_image: segment 3: paddr=00020020 vaddr=42000020 size=1b408h (111624) map[0m
[0;32mI (153) esp_image: segment 4: paddr=0003b430 vaddr=403756f0 size=0e0e8h ( 57576) load[0m
[0;32mI (172) boot: Loaded app from partition at offset 0x10000[0m
[0;32mI (173) boot: Disabling RNG early entropy source...[0m
[0;32mI (184) cpu_start: Multicore app[0m
[0;32mI (194) cpu_start: Pro cpu start user code[0m
[0;32mI (194) cpu_start: cpu freq: 160000000 Hz[0m
[0;32mI (194) app_init: Application information:[0m
[0;32mI (197) app_init: Project name:     custom_pulse[0m
[0;32mI (202) app_init: App version:      1[0m
[0;32mI (206) app_init: Compile time:     Apr 23 2025 13:18:58[0m
[0;32mI (212) app_init: ELF file SHA256:  2e933575e...[0m
[0;32mI (217) app_init: ESP-IDF:          v5.3.2[0m
[0;32mI (222) efuse_init: Min chip rev:     v0.0[0m
[0;32mI (227) efuse_init: Max chip rev:     v0.99 [0m
[0;32mI (232) efuse_init: Chip rev:         v0.1[0m
[0;32mI (237) heap_init: Initializing. RAM available for dynamic allocation:[0m
[0;32mI (244) heap_init: At 3FC96E30 len 000528E0 (330 KiB): RAM[0m
[0;32mI (250) heap_init: At 3FCE9710 len 00005724 (21 KiB): RAM[0m
[0;32mI (256) heap_init: At 3FCF0000 len 00008000 (32 KiB): DRAM[0m
[0;32mI (262) heap_init: At 600FE100 len 00001EE8 (7 KiB): RTCRAM[0m
[0;32mI (270) spi_flash: detected chip: generic[0m
[0;32mI (273) spi_flash: flash io: dio[0m
[0;33mW (277) spi_flash: Detected size(8192k) larger than the size in the binary image header(2048k). Using the size in the binary image header.[0m
[0;32mI (290) sleep: Configure to isolate all GPIO pins in sleep state[0m
[0;32mI (297) sleep: Enable automatic switching of GPIO sleep configuration[0m
[0;32mI (305) main_task: Started on CPU0[0m
[0;32mI (325) main_task: Calling app_main()[0m
Setting up RMT TX channel...
[0;32mI (325) gpio: GPIO[19]| InputEn: 0| OutputEn: 1| OpenDrain: 0| Pullup: 1| Pulldown: 0| Intr:0 [0m
Starting RMT transmission...
[0;31mE (335) rmt: rmt_transmit(530): invalid argument[0m
ESP_ERROR_CHECK failed: esp_err_t 0x102 (ESP_ERR_INVALID_ARG) at 0x42008ff5
file: "./main/custom_pulse.c" line 49
func: app_main
expression: rmt_transmit(tx_channel, NULL, &pulse_pattern, sizeof(pulse_pattern), &transmit_config)

abort() was called at PC 0x4037aab7 on core 0


Backtrace: 0x40375a8e:0x3fc997f0 0x4037aac1:0x3fc99810 0x4038163d:0x3fc99830 0x4037aab7:0x3fc998a0 0x42008ff5:0x3fc998d0 0x4201a5e3:0x3fc99920 0x4037b569:0x3fc99950




ELF file SHA256: 2e933575e

Rebooting...
ESP-ROM:esp32s3-20210327
Build:Mar 27 2021
rst:0xc (RTC_SW_CPU_RST),boot:0x8 (SPI_FAST_FLASH_BOOT)
Saved PC:0x403759c8
SPIWP:0xee
mode:DIO, clock div:1
load:0x3fce2810,len:0x1870
load:0x403c8700,len:0x4
load:0x403c8704,len:0xce8
load:0x403cb700,len:0x2ed8
entry 0x403c8918
[0;32mI (31) boot: ESP-IDF v5.3.2 2nd stage bootloader[0m
[0;32mI (31) boot: compile time Apr 23 2025 13:19:05[0m
[0;32mI (31) boot: Multicore bootloader[0m
[0;32mI (34) boot: chip revision: v0.1[0m
[0;32mI (38) boot: efuse block revision: v1.2[0m
[0;32mI (43) boot.esp32s3: Boot SPI Speed : 80MHz[0m
[0;32mI (47) boot.esp32s3: SPI Mode       : DIO[0m
[0;32mI (52) boot.esp32s3: SPI Flash Size : 2MB[0m
[0;32mI (57) boot: Enabling RNG early entropy source...[0m
[0;32mI (62) boot: Partition Table:[0m
[0;32mI (66) boot: ## Label            Usage          Type ST Offset   Length[0m
[0;32mI (73) boot:  0 nvs              WiFi data        01 02 00009000 00006000[0m
[0;32mI (81) boot:  1 phy_init         RF data          01 01 0000f000 00001000[0m
[0;32mI (88) boot:  2 factory          factory app      00 00 00010000 00100000[0m
[0;32mI (96) boot: End of partition table[0m
[0;32mI (100) esp_image: segment 0: paddr=00010020 vaddr=3c020020 size=0bb90h ( 48016) map[0m
[0;32mI (117) esp_image: segment 1: paddr=0001bbb8 vaddr=3fc93800 size=02d68h ( 11624) load[0m
[0;32mI (119) esp_image: segment 2: paddr=0001e928 vaddr=40374000 size=016f0h (  5872) load[0m
[0;32mI (126) esp_image: segment 3: paddr=00020020 vaddr=42000020 size=1b408h (111624) map[0m
[0;32mI (153) esp_image: segment 4: paddr=0003b430 vaddr=403756f0 size=0e0e8h ( 57576) load[0m
[0;32mI (172) boot: Loaded app from partition at offset 0x10000[0m
[0;32mI (173) boot: Disabling RNG early entropy source...[0m
[0;32mI (184) cpu_start: Multicore app[0m
[0;32mI (194) cpu_start: Pro cpu start user code[0m
[0;32mI (194) cpu_start: cpu freq: 160000000 Hz[0m
[0;32mI (194) app_init: Application information:[0m
[0;32mI (197) app_init: Project name:     custom_pulse[0m
[0;32mI (202) app_init: App version:      1[0m
[0;32mI (206) app_init: Compile time:     Apr 23 2025 13:18:58[0m
[0;32mI (212) app_init: ELF file SHA256:  2e933575e...[0m
[0;32mI (217) app_init: ESP-IDF:          v5.3.2[0m
[0;32mI (222) efuse_init: Min chip rev:     v0.0[0m
[0;32mI (227) efuse_init: Max chip rev:     v0.99 [0m
[0;32mI (232) efuse_init: Chip rev:         v0.1[0m
[0;32mI (237) heap_init: Initializing. RAM available for dynamic allocation:[0m
[0;32mI (244) heap_init: At 3FC96E30 len 000528E0 (330 KiB): RAM[0m
[0;32mI (250) heap_init: At 3FCE9710 len 00005724 (21 KiB): RAM[0m
[0;32mI (256) heap_init: At 3FCF0000 len 00008000 (32 KiB): DRAM[0m
[0;32mI (262) heap_init: At 600FE100 len 00001EE8 (7 KiB): RTCRAM[0m
[0;32mI (270) spi_flash: detected chip: generic[0m
[0;32mI (273) spi_flash: flash io: dio[0m
[0;33mW (277) spi_flash: Detected size(8192k) larger than the size in the binary image header(2048k). Using the size in the binary image header.[0m
[0;32mI (290) sleep: Configure to isolate all GPIO pins in sleep state[0m
[0;32mI (297) sleep: Enable automatic switching of GPIO sleep configuration[0m
[0;32mI (305) main_task: Started on CPU0[0m
[0;32mI (325) main_task: Calling app_main()[0m
Setting up RMT TX channel...
[0;32mI (325) gpio: GPIO[19]| InputEn: 0| OutputEn: 1| OpenDrain: 0| Pullup: 1| Pulldown: 0| Intr:0 [0m
Starting RMT transmission...
[0;31mE (335) rmt: rmt_transmit(530): invalid argument[0m
ESP_ERROR_CHECK failed: esp_err_t 0x102 (ESP_ERR_INVALID_ARG) at 0x42008ff5
file: "./main/custom_pulse.c" line 49
func: app_main
expression: rmt_transmit(tx_channel, NULL, &pulse_pattern, sizeof(pulse_pattern), &transmit_config)

abort() was called at PC 0x4037aab7 on core 0


Backtrace: 0x40375a8e:0x3fc997f0 0x4037aac1:0x3fc99810 0x4038163d:0x3fc99830 0x4037aab7:0x3fc998a0 0x42008ff5:0x3fc998d0 0x4201a5e3:0x3fc99920 0x4037b569:0x3fc99950




ELF file SHA256: 2e933575e

Rebooting...
ESP-ROM:esp32s3-20210327
Build:Mar 27 2021
rst:0xc (RTC_SW_CPU_RST),boot:0x8 (SPI_FAST_FLASH_BOOT)
Saved PC:0x403759c8
SPIWP:0xee
mode:DIO, clock div:1
load:0x3fce2810,len:0x1870
load:0x403c8700,len:0x4
load:0x403c8704,len:0xce8
load:0x403cb700,len:0x2ed8
entry 0x403c8918
[0;32mI (31) boot: ESP-IDF v5.3.2 2nd stage bootloader[0m
[0;32mI (31) boot: compile time Apr 23 2025 13:19:05[0m
[0;32mI (31) boot: Multicore bootloader[0m
[0;32mI (34) boot: chip revision: v0.1[0m
[0;32mI (38) boot: efuse block revision: v1.2[0m
[0;32mI (43) boot.esp32s3: Boot SPI Speed : 80MHz[0m
[0;32mI (47) boot.esp32s3: SPI Mode       : DIO[0m
[0;32mI (52) boot.esp32s3: SPI Flash Size : 2MB[0m
[0;32mI (57) boot: Enabling RNG early entropy source...[0m
[0;32mI (62) boot: Partition Table:[0m
[0;32mI (66) boot: ## Label            Usage          Type ST Offset   Length[0m
[0;32mI (73) boot:  0 nvs              WiFi data        01 02 00009000 00006000[0m
[0;32mI (81) boot:  1 phy_init         RF data          01 01 0000f000 00001000[0m
[0;32mI (88) boot:  2 factory          factory app      00 00 00010000 00100000[0m
[0;32mI (96) boot: End of partition table[0m
[0;32mI (100) esp_image: segment 0: paddr=00010020 vaddr=3c020020 size=0bb90h ( 48016) map[0m
[0;32mI (117) esp_image: segment 1: paddr=0001bbb8 vaddr=3fc93800 size=02d68h ( 11624) load[0m
[0;32mI (119) esp_image: segment 2: paddr=0001e928 vaddr=40374000 size=016f0h (  5872) load[0m
[0;32mI (126) esp_image: segment 3: paddr=00020020 vaddr=42000020 size=1b408h (111624) map[0m
[0;32mI (153) esp_image: segment 4: paddr=0003b430 vaddr=403756f0 size=0e0e8h ( 57576) load[0m
[0;32mI (172) boot: Loaded app from partition at offset 0x10000[0m
[0;32mI (173) boot: Disabling RNG early entropy source...[0m
[0;32mI (184) cpu_start: Multicore app[0m
[0;32mI (194) cpu_start: Pro cpu start user code[0m
[0;32mI (194) cpu_start: cpu freq: 160000000 Hz[0m
[0;32mI (194) app_init: Application information:[0m
[0;32mI (197) app_init: Project name:     custom_pulse[0m
[0;32mI (202) app_init: App version:      1[0m
[0;32mI (206) app_init: Compile time:     Apr 23 2025 13:18:58[0m
[0;32mI (212) app_init: ELF file SHA256:  2e933575e...[0m
[0;32mI (217) app_init: ESP-IDF:          v5.3.2[0m
[0;32mI (222) efuse_init: Min chip rev:     v0.0[0m
[0;32mI (227) efuse_init: Max chip rev:     v0.99 [0m
[0;32mI (232) efuse_init: Chip rev:         v0.1[0m
[0;32mI (237) heap_init: Initializing. RAM available for dynamic allocation:[0m
[0;32mI (244) heap_init: At 3FC96E30 len 000528E0 (330 KiB): RAM[0m
[0;32mI (250) heap_init: At 3FCE9710 len 00005724 (21 KiB): RAM[0m
[0;32mI (256) heap_init: At 3FCF0000 len 00008000 (32 KiB): DRAM[0m
[0;32mI (262) heap_init: At 600FE100 len 00001EE8 (7 KiB): RTCRAM[0m
[0;32mI (270) spi_flash: detected chip: generic[0m
[0;32mI (273) spi_flash: flash io: dio[0m
[0;33mW (277) spi_flash: Detected size(8192k) larger than the size in the binary image header(2048k). Using the size in the binary image header.[0m
[0;32mI (290) sleep: Configure to isolate all GPIO pins in sleep state[0m
[0;32mI (297) sleep: Enable automatic switching of GPIO sleep configuration[0m
[0;32mI (305) main_task: Started on CPU0[0m
[0;32mI (325) main_task: Calling app_main()[0m
Setting up RMT TX channel...
[0;32mI (325) gpio: GPIO[19]| InputEn: 0| OutputEn: 1| OpenDrain: 0| Pullup: 1| Pulldown: 0| Intr:0 [0m
Starting RMT transmission...
[0;31mE (335) rmt: rmt_transmit(530): invalid argument[0m
ESP_ERROR_CHECK failed: esp_err_t 0x102 (ESP_ERR_INVALID_ARG) at 0x42008ff5
file: "./main/custom_pulse.c" line 49
func: app_main
expression: rmt_transmit(tx_channel, NULL, &pulse_pattern, sizeof(pulse_pattern), &transmit_config)

abort() was called at PC 0x4037aab7 on core 0


Backtrace: 0x40375a8e:0x3fc997f0 0x4037aac1:0x3fc99810 0x4038163d:0x3fc99830 0x4037aab7:0x3fc998a0 0x42008ff5:0x3fc998d0 0x4201a5e3:0x3fc99920 0x4037b569:0x3fc99950




ELF file SHA256: 2e933575e

Rebooting...
ESP-ROM:esp32s3-20210327
Build:Mar 27 2021
rst:0xc (RTC_SW_CPU_RST),boot:0x8 (SPI_FAST_FLASH_BOOT)
Saved PC:0x403759c8
SPIWP:0xee
mode:DIO, clock div:1
load:0x3fce2810,len:0x1870
load:0x403c8700,len:0x4
load:0x403c8704,len:0xce8
load:0x403cb700,len:0x2ed8
entry 0x403c8918
[0;32mI (31) boot: ESP-IDF v5.3.2 2nd stage bootloader[0m
[0;32mI (31) boot: compile time Apr 23 2025 13:19:05[0m
[0;32mI (31) boot: Multicore bootloader[0m
[0;32mI (34) boot: chip revision: v0.1[0m
[0;32mI (38) boot: efuse block revision: v1.2[0m
[0;32mI (43) boot.esp32s3: Boot SPI Speed : 80MHz[0m
[0;32mI (47) boot.esp32s3: SPI Mode       : DIO[0m
[0;32mI (52) boot.esp32s3: SPI Flash Size : 2MB[0m
[0;32mI (57) boot: Enabling RNG early entropy source...[0m
[0;32mI (62) boot: Partition Table:[0m
[0;32mI (66) boot: ## Label            Usage          Type ST Offset   Length[0m
[0;32mI (73) boot:  0 nvs              WiFi data        01 02 00009000 00006000[0m
[0;32mI (81) boot:  1 phy_init         RF data          01 01 0000f000 00001000[0m
[0;32mI (88) boot:  2 factory          factory app      00 00 00010000 00100000[0m
[0;32mI (96) boot: End of partition table[0m
[0;32mI (100) esp_image: segment 0: paddr=00010020 vaddr=3c020020 size=0bb90h ( 48016) map[0m
[0;32mI (117) esp_image: segment 1: paddr=0001bbb8 vaddr=3fc93800 size=02d68h ( 11624) load[0m
[0;32mI (119) esp_image: segment 2: paddr=0001e928 vaddr=40374000 size=016f0h (  5872) load[0m
[0;32mI (126) esp_image: segment 3: paddr=00020020 vaddr=42000020 size=1b408h (111624) map[0m
[0;32mI (153) esp_image: segment 4: paddr=0003b430 vaddr=403756f0 size=0e0e8h ( 57576) load[0m
[0;32mI (172) boot: Loaded app from partition at offset 0x10000[0m
[0;32mI (173) boot: Disabling RNG early entropy source...[0m
[0;32mI (184) cpu_start: Multicore app[0m
[0;32mI (194) cpu_start: Pro cpu start user code[0m
[0;32mI (194) cpu_start: cpu freq: 160000000 Hz[0m
[0;32mI (194) app_init: Application information:[0m
[0;32mI (197) app_init: Project name:     custom_pulse[0m
[0;32mI (202) app_init: App version:      1[0m
[0;32mI (206) app_init: Compile time:     Apr 23 2025 13:18:58[0m
[0;32mI (212) app_init: ELF file SHA256:  2e933575e...[0m
[0;32mI (217) app_init: ESP-IDF:          v5.3.2[0m
[0;32mI (222) efuse_init: Min chip rev:     v0.0[0m
[0;32mI (227) efuse_init: Max chip rev:     v0.99 [0m
[0;32mI (232) efuse_init: Chip rev:         v0.1[0m
[0;32mI (237) heap_init: Initializing. RAM available for dynamic allocation:[0m
[0;32mI (244) heap_init: At 3FC96E30 len 000528E0 (330 KiB): RAM[0m
[0;32mI (250) heap_init: At 3FCE9710 len 00005724 (21 KiB): RAM[0m
[0;32mI (256) heap_init: At 3FCF0000 len 00008000 (32 KiB): DRAM[0m
[0;32mI (262) heap_init: At 600FE100 len 00001EE8 (7 KiB): RTCRAM[0m
[0;32mI (270) spi_flash: detected chip: generic[0m
[0;32mI (273) spi_flash: flash io: dio[0m
[0;33mW (277) spi_flash: Detected size(8192k) larger than the size in the binary image header(2048k). Using the size in the binary image header.[0m
[0;32mI (290) sleep: Configure to isolate all GPIO pins in sleep state[0m
[0;32mI (297) sleep: Enable automatic switching of GPIO sleep configuration[0m
[0;32mI (305) main_task: Started on CPU0[0m
[0;32mI (325) main_task: Calling app_main()[0m
Setting up RMT TX channel...
[0;32mI (325) gpio: GPIO[19]| InputEn: 0| OutputEn: 1| OpenDrain: 0| Pullup: 1| Pulldown: 0| Intr:0 [0m
Starting RMT transmission...
[0;31mE (335) rmt: rmt_transmit(530): invalid argument[0m
ESP_ERROR_CHECK failed: esp_err_t 0x102 (ESP_ERR_INVALID_ARG) at 0x42008ff5
file: "./main/custom_pulse.c" line 49
func: app_main
expression: rmt_transmit(tx_channel, NULL, &pulse_pattern, sizeof(pulse_pattern), &transmit_config)

abort() was called at PC 0x4037aab7 on core 0


Backtrace: 0x40375a8e:0x3fc997f0 0x4037aac1:0x3fc99810 0x4038163d:0x3fc99830 0x4037aab7:0x3fc998a0 0x42008ff5:0x3fc998d0 0x4201a5e3:0x3fc99920 0x4037b569:0x3fc99950




ELF file SHA256: 2e933575e

Rebooting...
ESP-ROM:esp32s3-20210327
Build:Mar 27 2021
rst:0xc (RTC_SW_CPU_RST),boot:0x8 (SPI_FAST_FLASH_BOOT)
Saved PC:0x403759c8
SPIWP:0xee
mode:DIO, clock div:1
load:0x3fce2810,len:0x1870
load:0x403c8700,len:0x4
load:0x403c8704,len:0xce8
load:0x403cb700,len:0x2ed8
entry 0x403c8918
[0;32mI (31) boot: ESP-IDF v5.3.2 2nd stage bootloader[0m
[0;32mI (31) boot: compile time Apr 23 2025 13:19:05[0m
[0;32mI (31) boot: Multicore bootloader[0m
[0;32mI (34) boot: chip revision: v0.1[0m
[0;32mI (38) boot: efuse block revision: v1.2[0m
[0;32mI (43) boot.esp32s3: Boot SPI Speed : 80MHz[0m
[0;32mI (47) boot.esp32s3: SPI Mode       : DIO[0m
[0;32mI (52) boot.esp32s3: SPI Flash Size : 2MB[0m
[0;32mI (57) boot: Enabling RNG early entropy source...[0m
[0;32mI (62) boot: Partition Table:[0m
[0;32mI (66) boot: ## Label            Usage          Type ST Offset   Length[0m
[0;32mI (73) boot:  0 nvs              WiFi data        01 02 00009000 00006000[0m
[0;32mI (81) boot:  1 phy_init         RF data          01 01 0000f000 00001000[0m
[0;32mI (88) boot:  2 factory          factory app      00 00 00010000 00100000[0m
[0;32mI (96) boot: End of partition table[0m
[0;32mI (100) esp_image: segment 0: paddr=00010020 vaddr=3c020020 size=0bb90h ( 48016) map[0m
[0;32mI (117) esp_image: segment 1: paddr=0001bbb8 vaddr=3fc93800 size=02d68h ( 11624) load[0m
[0;32mI (119) esp_image: segment 2: paddr=0001e928 vaddr=40374000 size=016f0h (  5872) load[0m
[0;32mI (126) esp_image: segment 3: paddr=00020020 vaddr=42000020 size=1b408h (111624) map[0m
[0;32mI (153) esp_image: segment 4: paddr=0003b430 vaddr=403756f0 size=0e0e8h ( 57576) load[0m
[0;32mI (172) boot: Loaded app from partition at offset 0x10000[0m
[0;32mI (173) boot: Disabling RNG early entropy source...[0m
[0;32mI (184) cpu_start: Multicore app[0m
[0;32mI (194) cpu_start: Pro cpu start user code[0m
[0;32mI (194) cpu_start: cpu freq: 160000000 Hz[0m
[0;32mI (194) app_init: Application information:[0m
[0;32mI (197) app_init: Project name:     custom_pulse[0m
[0;32mI (202) app_init: App version:      1[0m
[0;32mI (206) app_init: Compile time:     Apr 23 2025 13:18:58[0m
[0;32mI (212) app_init: ELF file SHA256:  2e933575e...[0m
[0;32mI (217) app_init: ESP-IDF:          v5.3.2[0m
[0;32mI (222) efuse_init: Min chip rev:     v0.0[0m
[0;32mI (227) efuse_init: Max chip rev:     v0.99 [0m
[0;32mI (232) efuse_init: Chip rev:         v0.1[0m
[0;32mI (237) heap_init: Initializing. RAM available for dynamic allocation:[0m
[0;32mI (244) heap_init: At 3FC96E30 len 000528E0 (330 KiB): RAM[0m
[0;32mI (250) heap_init: At 3FCE9710 len 00005724 (21 KiB): RAM[0m
[0;32mI (256) heap_init: At 3FCF0000 len 00008000 (32 KiB): DRAM[0m
[0;32mI (262) heap_init: At 600FE100 len 00001EE8 (7 KiB): RTCRAM[0m
[0;32mI (270) spi_flash: detected chip: generic[0m
[0;32mI (273) spi_flash: flash io: dio[0m
[0;33mW (277) spi_flash: Detected size(8192k) larger than the size in the binary image header(2048k). Using the size in the binary image header.[0m
[0;32mI (290) sleep: Configure to isolate all GPIO pins in sleep state[0m
[0;32mI (297) sleep: Enable automatic switching of GPIO sleep configuration[0m
[0;32mI (305) main_task: Started on CPU0[0m
[0;32mI (325) main_task: Calling app_main()[0m
Setting up RMT TX channel...
[0;32mI (325) gpio: GPIO[19]| InputEn: 0| OutputEn: 1| OpenDrain: 0| Pullup: 1| Pulldown: 0| Intr:0 [0m
Starting RMT transmission...
[0;31mE (335) rmt: rmt_transmit(530): invalid argument[0m
ESP_ERROR_CHECK failed: esp_err_t 0x102 (ESP_ERR_INVALID_ARG) at 0x42008ff5
file: "./main/custom_pulse.c" line 49
func: app_main
expression: rmt_transmit(tx_channel, NULL, &pulse_pattern, sizeof(pulse_pattern), &transmit_config)

abort() was called at PC 0x4037aab7 on core 0


Backtrace: 0x40375a8e:0x3fc997f0 0x4037aac1:0x3fc99810 0x4038163d:0x3fc99830 0x4037aab7:0x3fc998a0 0x42008ff5:0x3fc998d0 0x4201a5e3:0x3fc99920 0x4037b569:0x3fc99950




ELF file SHA256: 2e933575e

Rebooting...
ESP-ROM:esp32s3-20210327
Build:Mar 27 2021
rst:0xc (RTC_SW_CPU_RST),boot:0x8 (SPI_FAST_FLASH_BOOT)
Saved PC:0x403759c8
SPIWP:0xee
mode:DIO, clock div:1
load:0x3fce2810,len:0x1870
load:0x403c8700,len:0x4
load:0x403c8704,len:0xce8
load:0x403cb700,len:0x2ed8
entry 0x403c8918
[0;32mI (31) boot: ESP-IDF v5.3.2 2nd stage bootloader[0m
[0;32mI (31) boot: compile time Apr 23 2025 13:19:05[0m
[0;32mI (31) boot: Multicore bootloader[0m
[0;32mI (34) boot: chip revision: v0.1[0m
[0;32mI (38) boot: efuse block revision: v1.2[0m
[0;32mI (43) boot.esp32s3: Boot SPI Speed : 80MHz[0m
[0;32mI (47) boot.esp32s3: SPI Mode       : DIO[0m
[0;32mI (52) boot.esp32s3: SPI Flash Size : 2MB[0m
[0;32mI (57) boot: Enabling RNG early entropy source...[0m
[0;32mI (62) boot: Partition Table:[0m
[0;32mI (66) boot: ## Label            Usage          Type ST Offset   Length[0m
[0;32mI (73) boot:  0 nvs              WiFi data        01 02 00009000 00006000[0m
[0;32mI (81) boot:  1 phy_init         RF data          01 01 0000f000 00001000[0m
[0;32mI (88) boot:  2 factory          factory app      00 00 00010000 00100000[0m
[0;32mI (96) boot: End of partition table[0m
[0;32mI (100) esp_image: segment 0: paddr=00010020 vaddr=3c020020 size=0bb90h ( 48016) map[0m
[0;32mI (117) esp_image: segment 1: paddr=0001bbb8 vaddr=3fc93800 size=02d68h ( 11624) load[0m
[0;32mI (119) esp_image: segment 2: paddr=0001e928 vaddr=40374000 size=016f0h (  5872) load[0m
[0;32mI (126) esp_image: segment 3: paddr=00020020 vaddr=42000020 size=1b408h (111624) map[0m
[0;32mI (153) esp_image: segment 4: paddr=0003b430 vaddr=403756f0 size=0e0e8h ( 57576) load[0m
[0;32mI (172) boot: Loaded app from partition at offset 0x10000[0m
[0;32mI (173) boot: Disabling RNG early entropy source...[0m
[0;32mI (184) cpu_start: Multicore app[0m
[0;32mI (194) cpu_start: Pro cpu start user code[0m
[0;32mI (194) cpu_start: cpu freq: 160000000 Hz[0m
[0;32mI (194) app_init: Application information:[0m
[0;32mI (197) app_init: Project name:     custom_pulse[0m
[0;32mI (202) app_init: App version:      1[0m
[0;32mI (206) app_init: Compile time:     Apr 23 2025 13:18:58[0m
[0;32mI (212) app_init: ELF file SHA256:  2e933575e...[0m
[0;32mI (217) app_init: ESP-IDF:          v5.3.2[0m
[0;32mI (222) efuse_init: Min chip rev:     v0.0[0m
[0;32mI (227) efuse_init: Max chip rev:     v0.99 [0m
[0;32mI (232) efuse_init: Chip rev:         v0.1[0m
[0;32mI (237) heap_init: Initializing. RAM available for dynamic allocation:[0m
[0;32mI (244) heap_init: At 3FC96E30 len 000528E0 (330 KiB): RAM[0m
[0;32mI (250) heap_init: At 3FCE9710 len 00005724 (21 KiB): RAM[0m
[0;32mI (256) heap_init: At 3FCF0000 len 00008000 (32 KiB): DRAM[0m
[0;32mI (262) heap_init: At 600FE100 len 00001EE8 (7 KiB): RTCRAM[0m
[0;32mI (270) spi_flash: detected chip: generic[0m
[0;32mI (273) spi_flash: flash io: dio[0m
[0;33mW (277) spi_flash: Detected size(8192k) larger than the size in the binary image header(2048k). Using the size in the binary image header.[0m
[0;32mI (290) sleep: Configure to isolate all GPIO pins in sleep state[0m
[0;32mI (297) sleep: Enable automatic switching of GPIO sleep configuration[0m
[0;32mI (305) main_task: Started on CPU0[0m
[0;32mI (325) main_task: Calling app_main()[0m
Setting up RMT TX channel...
[0;32mI (325) gpio: GPIO[19]| InputEn: 0| OutputEn: 1| OpenDrain: 0| Pullup: 1| Pulldown: 0| Intr:0 [0m
Starting RMT transmission...
[0;31mE (335) rmt: rmt_transmit(530): invalid argument[0m
ESP_ERROR_CHECK failed: esp_err_t 0x102 (ESP_ERR_INVALID_ARG) at 0x42008ff5
file: "./main/custom_pulse.c" line 49
func: app_main
expression: rmt_transmit(tx_channel, NULL, &pulse_pattern, sizeof(pulse_pattern), &transmit_config)

abort() was called at PC 0x4037aab7 on core 0


Backtrace: 0x40375a8e:0x3fc997f0 0x4037aac1:0x3fc99810 0x4038163d:0x3fc99830 0x4037aab7:0x3fc998a0 0x42008ff5:0x3fc998d0 0x4201a5e3:0x3fc99920 0x4037b569:0x3fc99950




ELF file SHA256: 2e933575e

Rebooting...
ESP-ROM:esp32s3-20210327
Build:Mar 27 2021
rst:0xc (RTC_SW_CPU_RST),boot:0x8 (SPI_FAST_FLASH_BOOT)
Saved PC:0x403759c8
SPIWP:0xee
mode:DIO, clock div:1
load:0x3fce2810,len:0x1870
load:0x403c8700,len:0x4
load:0x403c8704,len:0xce8
load:0x403cb700,len:0x2ed8
entry 0x403c8918
[0;32mI (31) boot: ESP-IDF v5.3.2 2nd stage bootloader[0m
[0;32mI (31) boot: compile time Apr 23 2025 13:19:05[0m
[0;32mI (31) boot: Multicore bootloader[0m
[0;32mI (34) boot: chip revision: v0.1[0m
[0;32mI (38) boot: efuse block revision: v1.2[0m
[0;32mI (43) boot.esp32s3: Boot SPI Speed : 80MHz[0m
[0;32mI (47) boot.esp32s3: SPI Mode       : DIO[0m
[0;32mI (52) boot.esp32s3: SPI Flash Size : 2MB[0m
[0;32mI (57) boot: Enabling RNG early entropy source...[0m
[0;32mI (62) boot: Partition Table:[0m
[0;32mI (66) boot: ## Label            Usage          Type ST Offset   Length[0m
[0;32mI (73) boot:  0 nvs              WiFi data        01 02 00009000 00006000[0m
[0;32mI (81) boot:  1 phy_init         RF data          01 01 0000f000 00001000[0m
[0;32mI (88) boot:  2 factory          factory app      00 00 00010000 00100000[0m
[0;32mI (96) boot: End of partition table[0m
[0;32mI (100) esp_image: segment 0: paddr=00010020 vaddr=3c020020 size=0bb90h ( 48016) map[0m
[0;32mI (117) esp_image: segment 1: paddr=0001bbb8 vaddr=3fc93800 size=02d68h ( 11624) load[0m
[0;32mI (119) esp_image: segment 2: paddr=0001e928 vaddr=40374000 size=016f0h (  5872) load[0m
[0;32mI (126) esp_image: segment 3: paddr=00020020 vaddr=42000020 size=1b408h (111624) map[0m
[0;32mI (153) esp_image: segment 4: paddr=0003b430 vaddr=403756f0 size=0e0e8h ( 57576) load[0m
[0;32mI (172) boot: Loaded app from partition at offset 0x10000[0m
[0;32mI (173) boot: Disabling RNG early entropy source...[0m
[0;32mI (184) cpu_start: Multicore app[0m
[0;32mI (194) cpu_start: Pro cpu start user code[0m
[0;32mI (194) cpu_start: cpu freq: 160000000 Hz[0m
[0;32mI (194) app_init: Application information:[0m
[0;32mI (197) app_init: Project name:     custom_pulse[0m
[0;32mI (202) app_init: App version:      1[0m
[0;32mI (206) app_init: Compile time:     Apr 23 2025 13:18:58[0m
[0;32mI (212) app_init: ELF file SHA256:  2e933575e...[0m
[0;32mI (217) app_init: ESP-IDF:          v5.3.2[0m
[0;32mI (222) efuse_init: Min chip rev:     v0.0[0m
[0;32mI (227) efuse_init: Max chip rev:     v0.99 [0m
[0;32mI (232) efuse_init: Chip rev:         v0.1[0m
[0;32mI (237) heap_init: Initializing. RAM available for dynamic allocation:[0m
[0;32mI (244) heap_init: At 3FC96E30 len 000528E0 (330 KiB): RAM[0m
[0;32mI (250) heap_init: At 3FCE9710 len 00005724 (21 KiB): RAM[0m
[0;32mI (256) heap_init: At 3FCF0000 len 00008000 (32 KiB): DRAM[0m
[0;32mI (262) heap_init: At 600FE100 len 00001EE8 (7 KiB): RTCRAM[0m
[0;32mI (270) spi_flash: detected chip: generic[0m
[0;32mI (273) spi_flash: flash io: dio[0m
[0;33mW (277) spi_flash: Detected size(8192k) larger than the size in the binary image header(2048k). Using the size in the binary image header.[0m
[0;32mI (290) sleep: Configure to isolate all GPIO pins in sleep state[0m
[0;32mI (297) sleep: Enable automatic switching of GPIO sleep configuration[0m
[0;32mI (305) main_task: Started on CPU0[0m
[0;32mI (325) main_task: Calling app_main()[0m
Setting up RMT TX channel...
[0;32mI (325) gpio: GPIO[19]| InputEn: 0| OutputEn: 1| OpenDrain: 0| Pullup: 1| Pulldown: 0| Intr:0 [0m
Starting RMT transmission...
[0;31mE (335) rmt: rmt_transmit(530): invalid argument[0m
ESP_ERROR_CHECK failed: esp_err_t 0x102 (ESP_ERR_INVALID_ARG) at 0x42008ff5
file: "./main/custom_pulse.c" line 49
func: app_main
expression: rmt_transmit(tx_channel, NULL, &pulse_pattern, sizeof(pulse_pattern), &transmit_config)

abort() was called at PC 0x4037aab7 on core 0


Backtrace: 0x40375a8e:0x3fc997f0 0x4037aac1:0x3fc99810 0x4038163d:0x3fc99830 0x4037aab7:0x3fc998a0 0x42008ff5:0x3fc998d0 0x4201a5e3:0x3fc99920 0x4037b569:0x3fc99950




ELF file SHA256: 2e933575e

Rebooting...
ESP-ROM:esp32s3-20210327
Build:Mar 27 2021
rst:0xc (RTC_SW_CPU_RST),boot:0x8 (SPI_FAST_FLASH_BOOT)
Saved PC:0x403759c8
SPIWP:0xee
mode:DIO, clock div:1
load:0x3fce2810,len:0x1870
load:0x403c8700,len:0x4
load:0x403c8704,len:0xce8
load:0x403cb700,len:0x2ed8
entry 0x403c8918
[0;32mI (31) boot: ESP-IDF v5.3.2 2nd stage bootloader[0m
[0;32mI (31) boot: compile time Apr 23 2025 13:19:05[0m
[0;32mI (31) boot: Multicore bootloader[0m
[0;32mI (34) boot: chip revision: v0.1[0m
[0;32mI (38) boot: efuse block revision: v1.2[0m
[0;32mI (43) boot.esp32s3: Boot SPI Speed : 80MHz[0m
[0;32mI (47) boot.esp32s3: SPI Mode       : DIO[0m
[0;32mI (52) boot.esp32s3: SPI Flash Size : 2MB[0m
[0;32mI (57) boot: Enabling RNG early entropy source...[0m
[0;32mI (62) boot: Partition Table:[0m
[0;32mI (66) boot: ## Label            Usage          Type ST Offset   Length[0m
[0;32mI (73) boot:  0 nvs              WiFi data        01 02 00009000 00006000[0m
[0;32mI (81) boot:  1 phy_init         RF data          01 01 0000f000 00001000[0m
[0;32mI (88) boot:  2 factory          factory app      00 00 00010000 00100000[0m
[0;32mI (96) boot: End of partition table[0m
[0;32mI (100) esp_image: segment 0: paddr=00010020 vaddr=3c020020 size=0bb90h ( 48016) map[0m
[0;32mI (117) esp_image: segment 1: paddr=0001bbb8 vaddr=3fc93800 size=02d68h ( 11624) load[0m
[0;32mI (119) esp_image: segment 2: paddr=0001e928 vaddr=40374000 size=016f0h (  5872) load[0m
[0;32mI (126) esp_image: segment 3: paddr=00020020 vaddr=42000020 size=1b408h (111624) map[0m
[0;32mI (153) esp_image: segment 4: paddr=0003b430 vaddr=403756f0 size=0e0e8h ( 57576) load[0m
[0;32mI (172) boot: Loaded app from partition at offset 0x10000[0m
[0;32mI (173) boot: Disabling RNG early entropy source...[0m
[0;32mI (184) cpu_start: Multicore app[0m
[0;32mI (194) cpu_start: Pro cpu start user code[0m
[0;32mI (194) cpu_start: cpu freq: 160000000 Hz[0m
[0;32mI (194) app_init: Application information:[0m
[0;32mI (197) app_init: Project name:     custom_pulse[0m
[0;32mI (202) app_init: App version:      1[0m
[0;32mI (206) app_init: Compile time:     Apr 23 2025 13:18:58[0m
[0;32mI (212) app_init: ELF file SHA256:  2e933575e...[0m
[0;32mI (217) app_init: ESP-IDF:          v5.3.2[0m
[0;32mI (222) efuse_init: Min chip rev:     v0.0[0m
[0;32mI (227) efuse_init: Max chip rev:     v0.99 [0m
[0;32mI (232) efuse_init: Chip rev:         v0.1[0m
[0;32mI (237) heap_init: Initializing. RAM available for dynamic allocation:[0m
[0;32mI (244) heap_init: At 3FC96E30 len 000528E0 (330 KiB): RAM[0m
[0;32mI (250) heap_init: At 3FCE9710 len 00005724 (21 KiB): RAM[0m
[0;32mI (256) heap_init: At 3FCF0000 len 00008000 (32 KiB): DRAM[0m
[0;32mI (262) heap_init: At 600FE100 len 00001EE8 (7 KiB): RTCRAM[0m
[0;32mI (270) spi_flash: detected chip: generic[0m
[0;32mI (273) spi_flash: flash io: dio[0m
[0;33mW (277) spi_flash: Detected size(8192k) larger than the size in the binary image header(2048k). Using the size in the binary image header.[0m
[0;32mI (290) sleep: Configure to isolate all GPIO pins in sleep state[0m
[0;32mI (297) sleep: Enable automatic switching of GPIO sleep configuration[0m
[0;32mI (305) main_task: Started on CPU0[0m
[0;32mI (325) main_task: Calling app_main()[0m
Setting up RMT TX channel...
[0;32mI (325) gpio: GPIO[19]| InputEn: 0| OutputEn: 1| OpenDrain: 0| Pullup: 1| Pulldown: 0| Intr:0 [0m
Starting RMT transmission...
[0;31mE (335) rmt: rmt_transmit(530): invalid argument[0m
ESP_ERROR_CHECK failed: esp_err_t 0x102 (ESP_ERR_INVALID_ARG) at 0x42008ff5
file: "./main/custom_pulse.c" line 49
func: app_main
expression: rmt_transmit(tx_channel, NULL, &pulse_pattern, sizeof(pulse_pattern), &transmit_config)

abort() was called at PC 0x4037aab7 on core 0


Backtrace: 0x40375a8e:0x3fc997f0 0x4037aac1:0x3fc99810 0x4038163d:0x3fc99830 0x4037aab7:0x3fc998a0 0x42008ff5:0x3fc998d0 0x4201a5e3:0x3fc99920 0x4037b569:0x3fc99950




ELF file SHA256: 2e933575e

Rebooting...
ESP-ROM:esp32s3-20210327
Build:Mar 27 2021
rst:0xc (RTC_SW_CPU_RST),boot:0x8 (SPI_FAST_FLASH_BOOT)
Saved PC:0x403759c8
SPIWP:0xee
mode:DIO, clock div:1
load:0x3fce2810,len:0x1870
load:0x403c8700,len:0x4
load:0x403c8704,len:0xce8
load:0x403cb700,len:0x2ed8
entry 0x403c8918
[0;32mI (31) boot: ESP-IDF v5.3.2 2nd stage bootloader[0m
[0;32mI (31) boot: compile time Apr 23 2025 13:19:05[0m
[0;32mI (31) boot: Multicore bootloader[0m
[0;32mI (34) boot: chip revision: v0.1[0m
[0;32mI (38) boot: efuse block revision: v1.2[0m
[0;32mI (43) boot.esp32s3: Boot SPI Speed : 80MHz[0m
[0;32mI (47) boot.esp32s3: SPI Mode       : DIO[0m
[0;32mI (52) boot.esp32s3: SPI Flash Size : 2MB[0m
[0;32mI (57) boot: Enabling RNG early entropy source...[0m
[0;32mI (62) boot: Partition Table:[0m
[0;32mI (66) boot: ## Label            Usage          Type ST Offset   Length[0m
[0;32mI (73) boot:  0 nvs              WiFi data        01 02 00009000 00006000[0m
[0;32mI (81) boot:  1 phy_init         RF data          01 01 0000f000 00001000[0m
[0;32mI (88) boot:  2 factory          factory app      00 00 00010000 00100000[0m
[0;32mI (96) boot: End of partition table[0m
[0;32mI (100) esp_image: segment 0: paddr=00010020 vaddr=3c020020 size=0bb90h ( 48016) map[0m
[0;32mI (117) esp_image: segment 1: paddr=0001bbb8 vaddr=3fc93800 size=02d68h ( 11624) load[0m
[0;32mI (119) esp_image: segment 2: paddr=0001e928 vaddr=40374000 size=016f0h (  5872) load[0m
[0;32mI (126) esp_image: segment 3: paddr=00020020 vaddr=42000020 size=1b408h (111624) map[0m
[0;32mI (153) esp_image: segment 4: paddr=0003b430 vaddr=403756f0 size=0e0e8h ( 57576) load[0m
[0;32mI (172) boot: Loaded app from partition at offset 0x10000[0m
[0;32mI (173) boot: Disabling RNG early entropy source...[0m
[0;32mI (184) cpu_start: Multicore app[0m
[0;32mI (194) cpu_start: Pro cpu start user code[0m
[0;32mI (194) cpu_start: cpu freq: 160000000 Hz[0m
[0;32mI (194) app_init: Application information:[0m
[0;32mI (197) app_init: Project name:     custom_pulse[0m
[0;32mI (202) app_init: App version:      1[0m
[0;32mI (206) app_init: Compile time:     Apr 23 2025 13:18:58[0m
[0;32mI (212) app_init: ELF file SHA256:  2e933575e...[0m
[0;32mI (217) app_init: ESP-IDF:          v5.3.2[0m
[0;32mI (222) efuse_init: Min chip rev:     v0.0[0m
[0;32mI (227) efuse_init: Max chip rev:     v0.99 [0m
[0;32mI (232) efuse_init: Chip rev:         v0.1[0m
[0;32mI (237) heap_init: Initializing. RAM available for dynamic allocation:[0m
[0;32mI (244) heap_init: At 3FC96E30 len 000528E0 (330 KiB): RAM[0m
[0;32mI (250) heap_init: At 3FCE9710 len 00005724 (21 KiB): RAM[0m
[0;32mI (256) heap_init: At 3FCF0000 len 00008000 (32 KiB): DRAM[0m
[0;32mI (262) heap_init: At 600FE100 len 00001EE8 (7 KiB): RTCRAM[0m
[0;32mI (270) spi_flash: detected chip: generic[0m
[0;32mI (273) spi_flash: flash io: dio[0m
[0;33mW (277) spi_flash: Detected size(8192k) larger than the size in the binary image header(2048k). Using the size in the binary image header.[0m
[0;32mI (290) sleep: Configure to isolate all GPIO pins in sleep state[0m
[0;32mI (297) sleep: Enable automatic switching of GPIO sleep configuration[0m
[0;32mI (305) main_task: Started on CPU0[0m
[0;32mI (325) main_task: Calling app_main()[0m
Setting up RMT TX channel...
[0;32mI (325) gpio: GPIO[19]| InputEn: 0| OutputEn: 1| OpenDrain: 0| Pullup: 1| Pulldown: 0| Intr:0 [0m
Starting RMT transmission...
[0;31mE (335) rmt: rmt_transmit(530): invalid argument[0m
ESP_ERROR_CHECK failed: esp_err_t 0x102 (ESP_ERR_INVALID_ARG) at 0x42008ff5
file: "./main/custom_pulse.c" line 49
func: app_main
expression: rmt_transmit(tx_channel, NULL, &pulse_pattern, sizeof(pulse_pattern), &transmit_config)

abort() was called at PC 0x4037aab7 on core 0


Backtrace: 0x40375a8e:0x3fc997f0 0x4037aac1:0x3fc99810 0x4038163d:0x3fc99830 0x4037aab7:0x3fc998a0 0x42008ff5:0x3fc998d0 0x4201a5e3:0x3fc99920 0x4037b569:0x3fc99950




ELF file SHA256: 2e933575e

Rebooting...
ESP-ROM:esp32s3-20210327
Build:Mar 27 2021
rst:0xc (RTC_SW_CPU_RST),boot:0x8 (SPI_FAST_FLASH_BOOT)
Saved PC:0x403759c8
SPIWP:0xee
mode:DIO, clock div:1
load:0x3fce2810,len:0x1870
load:0x403c8700,len:0x4
load:0x403c8704,len:0xce8
load:0x403cb700,len:0x2ed8
entry 0x403c8918
[0;32mI (31) boot: ESP-IDF v5.3.2 2nd stage bootloader[0m
[0;32mI (31) boot: compile time Apr 23 2025 13:19:05[0m
[0;32mI (31) boot: Multicore bootloader[0m
[0;32mI (34) boot: chip revision: v0.1[0m
[0;32mI (38) boot: efuse block revision: v1.2[0m
[0;32mI (43) boot.esp32s3: Boot SPI Speed : 80MHz[0m
[0;32mI (47) boot.esp32s3: SPI Mode       : DIO[0m
[0;32mI (52) boot.esp32s3: SPI Flash Size : 2MB[0m
[0;32mI (57) boot: Enabling RNG early entropy source...[0m
[0;32mI (62) boot: Partition Table:[0m
[0;32mI (66) boot: ## Label            Usage          Type ST Offset   Length[0m
[0;32mI (73) boot:  0 nvs              WiFi data        01 02 00009000 00006000[0m
[0;32mI (81) boot:  1 phy_init         RF data          01 01 0000f000 00001000[0m
[0;32mI (88) boot:  2 factory          factory app      00 00 00010000 00100000[0m
[0;32mI (96) boot: End of partition table[0m
[0;32mI (100) esp_image: segment 0: paddr=00010020 vaddr=3c020020 size=0bb90h ( 48016) map[0m
[0;32mI (117) esp_image: segment 1: paddr=0001bbb8 vaddr=3fc93800 size=02d68h ( 11624) load[0m
[0;32mI (119) esp_image: segment 2: paddr=0001e928 vaddr=40374000 size=016f0h (  5872) load[0m
[0;32mI (126) esp_image: segment 3: paddr=00020020 vaddr=42000020 size=1b408h (111624) map[0m
[0;32mI (153) esp_image: segment 4: paddr=0003b430 vaddr=403756f0 size=0e0e8h ( 57576) load[0m
[0;32mI (172) boot: Loaded app from partition at offset 0x10000[0m
[0;32mI (173) boot: Disabling RNG early entropy source...[0m
[0;32mI (184) cpu_start: Multicore app[0m
[0;32mI (194) cpu_start: Pro cpu start user code[0m
[0;32mI (194) cpu_start: cpu freq: 160000000 Hz[0m
[0;32mI (194) app_init: Application information:[0m
[0;32mI (197) app_init: Project name:     custom_pulse[0m
[0;32mI (202) app_init: App version:      1[0m
[0;32mI (206) app_init: Compile time:     Apr 23 2025 13:18:58[0m
[0;32mI (212) app_init: ELF file SHA256:  2e933575e...[0m
[0;32mI (217) app_init: ESP-IDF:          v5.3.2[0m
[0;32mI (222) efuse_init: Min chip rev:     v0.0[0m
[0;32mI (227) efuse_init: Max chip rev:     v0.99 [0m
[0;32mI (232) efuse_init: Chip rev:         v0.1[0m
[0;32mI (237) heap_init: Initializing. RAM available for dynamic allocation:[0m
[0;32mI (244) heap_init: At 3FC96E30 len 000528E0 (330 KiB): RAM[0m
[0;32mI (250) heap_init: At 3FCE9710 len 00005724 (21 KiB): RAM[0m
[0;32mI (256) heap_init: At 3FCF0000 len 00008000 (32 KiB): DRAM[0m
[0;32mI (262) heap_init: At 600FE100 len 00001EE8 (7 KiB): RTCRAM[0m
[0;32mI (270) spi_flash: detected chip: generic[0m
[0;32mI (273) spi_flash: flash io: dio[0m
[0;33mW (277) spi_flash: Detected size(8192k) larger than the size in the binary image header(2048k). Using the size in the binary image header.[0m
[0;32mI (290) sleep: Configure to isolate all GPIO pins in sleep state[0m
[0;32mI (297) sleep: Enable automatic switching of GPIO sleep configuration[0m
[0;32mI (305) main_task: Started on CPU0[0m
[0;32mI (325) main_task: Calling app_main()[0m
Setting up RMT TX channel...
[0;32mI (325) gpio: GPIO[19]| InputEn: 0| OutputEn: 1| OpenDrain: 0| Pullup: 1| Pulldown: 0| Intr:0 [0m
Starting RMT transmission...
[0;31mE (335) rmt: rmt_transmit(530): invalid argument[0m
ESP_ERROR_CHECK failed: esp_err_t 0x102 (ESP_ERR_INVALID_ARG) at 0x42008ff5
file: "./main/custom_pulse.c" line 49
func: app_main
expression: rmt_transmit(tx_channel, NULL, &pulse_pattern, sizeof(pulse_pattern), &transmit_config)

abort() was called at PC 0x4037aab7 on core 0


Backtrace: 0x40375a8e:0x3fc997f0 0x4037aac1:0x3fc99810 0x4038163d:0x3fc99830 0x4037aab7:0x3fc998a0 0x42008ff5:0x3fc998d0 0x4201a5e3:0x3fc99920 0x4037b569:0x3fc99950




ELF file SHA256: 2e933575e

Rebooting...
ESP-ROM:esp32s3-20210327
Build:Mar 27 2021
rst:0xc (RTC_SW_CPU_RST),boot:0x8 (SPI_FAST_FLASH_BOOT)
Saved PC:0x403759c8
SPIWP:0xee
mode:DIO, clock div:1
load:0x3fce2810,len:0x1870
load:0x403c8700,len:0x4
load:0x403c8704,len:0xce8
load:0x403cb700,len:0x2ed8
entry 0x403c8918
[0;32mI (31) boot: ESP-IDF v5.3.2 2nd stage bootloader[0m
[0;32mI (31) boot: compile time Apr 23 2025 13:19:05[0m
[0;32mI (31) boot: Multicore bootloader[0m
[0;32mI (34) boot: chip revision: v0.1[0m
[0;32mI (38) boot: efuse block revision: v1.2[0m
[0;32mI (43) boot.esp32s3: Boot SPI Speed : 80MHz[0m
[0;32mI (47) boot.esp32s3: SPI Mode       : DIO[0m
[0;32mI (52) boot.esp32s3: SPI Flash Size : 2MB[0m
[0;32mI (57) boot: Enabling RNG early entropy source...[0m
[0;32mI (62) boot: Partition Table:[0m
[0;32mI (66) boot: ## Label            Usage          Type ST Offset   Length[0m
[0;32mI (73) boot:  0 nvs              WiFi data        01 02 00009000 00006000[0m
[0;32mI (81) boot:  1 phy_init         RF data          01 01 0000f000 00001000[0m
[0;32mI (88) boot:  2 factory          factory app      00 00 00010000 00100000[0m
[0;32mI (96) boot: End of partition table[0m
[0;32mI (100) esp_image: segment 0: paddr=00010020 vaddr=3c020020 size=0bb90h ( 48016) map[0m
[0;32mI (117) esp_image: segment 1: paddr=0001bbb8 vaddr=3fc93800 size=02d68h ( 11624) load[0m
[0;32mI (119) esp_image: segment 2: paddr=0001e928 vaddr=40374000 size=016f0h (  5872) load[0m
[0;32mI (126) esp_image: segment 3: paddr=00020020 vaddr=42000020 size=1b408h (111624) map[0m
[0;32mI (153) esp_image: segment 4: paddr=0003b430 vaddr=403756f0 size=0e0e8h ( 57576) load[0m
[0;32mI (172) boot: Loaded app from partition at offset 0x10000[0m
[0;32mI (173) boot: Disabling RNG early entropy source...[0m
[0;32mI (184) cpu_start: Multicore app[0m
[0;32mI (194) cpu_start: Pro cpu start user code[0m
[0;32mI (194) cpu_start: cpu freq: 160000000 Hz[0m
[0;32mI (194) app_init: Application information:[0m
[0;32mI (197) app_init: Project name:     custom_pulse[0m
[0;32mI (202) app_init: App version:      1[0m
[0;32mI (206) app_init: Compile time:     Apr 23 2025 13:18:58[0m
[0;32mI (212) app_init: ELF file SHA256:  2e933575e...[0m
[0;32mI (217) app_init: ESP-IDF:          v5.3.2[0m
[0;32mI (222) efuse_init: Min chip rev:     v0.0[0m
[0;32mI (227) efuse_init: Max chip rev:     v0.99 [0m
[0;32mI (232) efuse_init: Chip rev:         v0.1[0m
[0;32mI (237) heap_init: Initializing. RAM available for dynamic allocation:[0m
[0;32mI (244) heap_init: At 3FC96E30 len 000528E0 (330 KiB): RAM[0m
[0;32mI (250) heap_init: At 3FCE9710 len 00005724 (21 KiB): RAM[0m
[0;32mI (256) heap_init: At 3FCF0000 len 00008000 (32 KiB): DRAM[0m
[0;32mI (262) heap_init: At 600FE100 len 00001EE8 (7 KiB): RTCRAM[0m
[0;32mI (270) spi_flash: detected chip: generic[0m
[0;32mI (273) spi_flash: flash io: dio[0m
[0;33mW (277) spi_flash: Detected size(8192k) larger than the size in the binary image header(2048k). Using the size in the binary image header.[0m
[0;32mI (290) sleep: Configure to isolate all GPIO pins in sleep state[0m
[0;32mI (297) sleep: Enable automatic switching of GPIO sleep configuration[0m
[0;32mI (305) main_task: Started on CPU0[0m
[0;32mI (325) main_task: Calling app_main()[0m
Setting up RMT TX channel...
